2016-02-26T18:00:02.163950+08:00 linux-9p04 rsyslogd: [origin software="rsyslogd" swVersion="7.4.7" x-pid="838" x-info="http://www.rsyslog.com"] rsyslogd was HUPed
2016-02-26T18:00:02.164442+08:00 linux-9p04 systemd[1]: Reloaded System Logging Service.
2016-02-26T18:00:04.196758+08:00 linux-9p04 su: (to root) root on (null)
2016-02-26T18:00:04.197545+08:00 linux-9p04 su: pam_unix(su:session): session opened for user nobody by (uid=0)
2016-02-26T18:01:03.249081+08:00 linux-9p04 su: pam_unix(su:session): session closed for user nobody
2016-02-26T18:01:18.045025+08:00 linux-9p04 su: (to root) root on (null)
2016-02-26T18:01:18.045475+08:00 linux-9p04 su: pam_unix(su-l:session): session opened for user cyrus by (uid=0)
2016-02-26T18:01:18.267716+08:00 linux-9p04 ctl_mboxlist[2403]: DBERROR: reading /var/lib/imap/db/skipstamp, assuming the worst: No such file or directory
2016-02-26T18:01:18.381923+08:00 linux-9p04 ctl_mboxlist[2403]: skiplist: checkpointed /var/lib/imap/mailboxes.db (0 records, 144 bytes) in 0 seconds
2016-02-26T18:01:18.402845+08:00 linux-9p04 su: pam_unix(su-l:session): session closed for user cyrus
2016-02-26T18:01:18.422814+08:00 linux-9p04 /USR/SBIN/CRON[2074]: pam_unix(crond:session): session closed for user root
2016-02-26T18:01:44.467628+08:00 linux-9p04 systemd[1]: Starting Cleanup of Temporary Directories...
2016-02-26T18:01:44.792637+08:00 linux-9p04 systemd-tmpfiles[2458]: stat(/run/user/1000/gvfs) failed: Permission denied
2016-02-26T18:01:44.821377+08:00 linux-9p04 systemd[1]: Started Cleanup of Temporary Directories.
2016-02-26T18:15:01.434811+08:00 linux-9p04 /usr/sbin/cron[2586]: pam_unix(crond:session): session opened for user root by (uid=0)
2016-02-26T18:15:01.440388+08:00 linux-9p04 systemd[1]: Starting Session 3 of user root.
2016-02-26T18:15:01.441740+08:00 linux-9p04 systemd[1]: Started Session 3 of user root.
2016-02-26T18:15:01.482888+08:00 linux-9p04 /USR/SBIN/CRON[2586]: pam_unix(crond:session): session closed for user root
2016-02-26T18:30:01.493364+08:00 linux-9p04 /usr/sbin/cron[2749]: pam_unix(crond:session): session opened for user root by (uid=0)
2016-02-26T18:30:01.498682+08:00 linux-9p04 systemd[1]: Starting Session 4 of user root.
2016-02-26T18:30:01.501861+08:00 linux-9p04 systemd[1]: Started Session 4 of user root.
2016-02-26T18:30:01.545902+08:00 linux-9p04 /USR/SBIN/CRON[2749]: pam_unix(crond:session): session closed for user root
2016-02-26T18:36:44.508154+08:00 linux-9p04 polkitd[872]: Registered Authentication Agent for unix-process:2813:299998 (system bus name :1.54 [/usr/bin/pkttyagent --notify-fd 5 --fallback], object path /org/freedesktop/PolicyKit1/AuthenticationAgent, locale zh_CN.UTF-8)
2016-02-26T18:36:44.530086+08:00 linux-9p04 systemd-logind[804]: System is powering down.
2016-02-26T18:36:44.582341+08:00 linux-9p04 systemd[1]: Stopping Session 1 of user junn.
2016-02-26T18:36:44.582975+08:00 linux-9p04 systemd[1]: Stopped Session 1 of user junn.
2016-02-26T18:36:44.583512+08:00 linux-9p04 systemd[1]: Stopping Sound Card.
2016-02-26T18:36:44.584077+08:00 linux-9p04 systemd[1]: Stopped target Sound Card.
2016-02-26T18:36:44.584589+08:00 linux-9p04 systemd[1]: Stopping Stop Read-Ahead Data Collection 10s After Completed Startup.
2016-02-26T18:36:44.585072+08:00 linux-9p04 systemd[1]: Stopped Stop Read-Ahead Data Collection 10s After Completed Startup.
2016-02-26T18:36:44.585515+08:00 linux-9p04 systemd[1]: Stopping User Manager for 0...
2016-02-26T18:36:44.585925+08:00 linux-9p04 systemd[1]: Stopping RealtimeKit Scheduling Policy Service...
2016-02-26T18:36:44.586349+08:00 linux-9p04 systemd[1]: Stopping Disk Manager...
2016-02-26T18:36:44.586821+08:00 linux-9p04 systemd[1]: Stopping Daemon for power management...
2016-02-26T18:36:44.589126+08:00 linux-9p04 systemd[1]: Stopping User Manager for 1000...
2016-02-26T18:36:44.590889+08:00 linux-9p04 systemd[1]: Stopping Bluetooth service...
2016-02-26T18:36:44.591536+08:00 linux-9p04 systemd[1]: Stopping Authorization Manager...
2016-02-26T18:36:44.595865+08:00 linux-9p04 systemd[1]: Stopping CUPS Printing Service...
2016-02-26T18:36:44.596550+08:00 linux-9p04 systemd[1]: Stopping Graphical Interface.
2016-02-26T18:36:44.597261+08:00 linux-9p04 systemd[1]: Stopped target Graphical Interface.
2016-02-26T18:36:44.597949+08:00 linux-9p04 systemd[1]: Stopping LSB: X Display Manager...
2016-02-26T18:36:44.599387+08:00 linux-9p04 bluetoothd[984]: Terminating
2016-02-26T18:36:44.600257+08:00 linux-9p04 bluetoothd[984]: Stopping SDP server
2016-02-26T18:36:44.607246+08:00 linux-9p04 bluetoothd[984]: Exit
2016-02-26T18:36:44.608379+08:00 linux-9p04 avahi-daemon[795]: Got SIGTERM, quitting.
2016-02-26T18:36:44.612853+08:00 linux-9p04 rsyslogd: [origin software="rsyslogd" swVersion="7.4.7" x-pid="838" x-info="http://www.rsyslog.com"] exiting on signal 15.
2016-02-26T20:22:10.446390+08:00 linux-9p04 rsyslogd: [origin software="rsyslogd" swVersion="7.4.7" x-pid="869" x-info="http://www.rsyslog.com"] start
2016-02-26T20:22:10.446503+08:00 linux-9p04 systemd[1]: Mounting Debug File System...
2016-02-26T20:22:10.446557+08:00 linux-9p04 systemd[1]: Mounting POSIX Message Queue File System...
2016-02-26T20:22:10.446572+08:00 linux-9p04 kernel: [    0.000000] Initializing cgroup subsys cpuset
2016-02-26T20:22:10.446580+08:00 linux-9p04 kernel: [    0.000000] Initializing cgroup subsys cpu
2016-02-26T20:22:10.446582+08:00 linux-9p04 kernel: [    0.000000] Initializing cgroup subsys cpuacct
2016-02-26T20:22:10.446584+08:00 linux-9p04 kernel: [    0.000000] Linux version 3.18.16-29-desktop (root@linux-9p04.site) (gcc version 4.8.1 20130909 [gcc-4_8-branch revision 202388] (SUSE Linux) ) #2 SMP PREEMPT Tue Jun 23 00:09:04 CST 2015
2016-02-26T20:22:10.446585+08:00 linux-9p04 kernel: [    0.000000] Command line: BOOT_IMAGE=/boot/vmlinuz-3.18.16-29-desktop root=UUID=a973f98c-1435-4c38-87c5-7fb9405fc869 resume=/dev/disk/by-id/ata-Hitachi_HTS547575A9E384_J1140021DU7GYJ-part5 splash=silent quiet showopts
2016-02-26T20:22:10.446586+08:00 linux-9p04 kernel: [    0.000000] e820: BIOS-provided physical RAM map:
2016-02-26T20:22:10.446587+08:00 linux-9p04 kernel: [    0.000000] BIOS-e820: [mem 0x0000000000000000-0x000000000009fbff] usable
2016-02-26T20:22:10.446588+08:00 linux-9p04 kernel: [    0.000000] BIOS-e820: [mem 0x000000000009fc00-0x000000000009ffff] reserved
2016-02-26T20:22:10.446589+08:00 linux-9p04 kernel: [    0.000000] BIOS-e820: [mem 0x00000000000e0000-0x00000000000fffff] reserved
2016-02-26T20:22:10.446591+08:00 linux-9p04 kernel: [    0.000000] BIOS-e820: [mem 0x0000000000100000-0x000000002004ffff] usable
2016-02-26T20:22:10.446592+08:00 linux-9p04 kernel: [    0.000000] BIOS-e820: [mem 0x0000000020050000-0x000000002024ffff] reserved
2016-02-26T20:22:10.446593+08:00 linux-9p04 kernel: [    0.000000] BIOS-e820: [mem 0x0000000020250000-0x000000003fffffff] usable
2016-02-26T20:22:10.446594+08:00 linux-9p04 kernel: [    0.000000] BIOS-e820: [mem 0x0000000040000000-0x00000000401fffff] reserved
2016-02-26T20:22:10.446595+08:00 linux-9p04 kernel: [    0.000000] BIOS-e820: [mem 0x0000000040200000-0x00000000bf4d9fff] usable
2016-02-26T20:22:10.446596+08:00 linux-9p04 kernel: [    0.000000] BIOS-e820: [mem 0x00000000bf4da000-0x00000000bf4ecfff] reserved
2016-02-26T20:22:10.446597+08:00 linux-9p04 kernel: [    0.000000] BIOS-e820: [mem 0x00000000bf4ed000-0x00000000bf4edfff] usable
2016-02-26T20:22:10.446598+08:00 linux-9p04 kernel: [    0.000000] BIOS-e820: [mem 0x00000000bf4ee000-0x00000000bf5b7fff] reserved
2016-02-26T20:22:10.446599+08:00 linux-9p04 kernel: [    0.000000] BIOS-e820: [mem 0x00000000bf5b8000-0x00000000bf5bafff] usable
2016-02-26T20:22:10.446600+08:00 linux-9p04 kernel: [    0.000000] BIOS-e820: [mem 0x00000000bf5bb000-0x00000000bf5e7fff] reserved
2016-02-26T20:22:10.446601+08:00 linux-9p04 kernel: [    0.000000] BIOS-e820: [mem 0x00000000bf5e8000-0x00000000bf726fff] usable
2016-02-26T20:22:10.446602+08:00 linux-9p04 kernel: [    0.000000] BIOS-e820: [mem 0x00000000bf727000-0x00000000bf77efff] ACPI NVS
2016-02-26T20:22:10.446603+08:00 linux-9p04 kernel: [    0.000000] BIOS-e820: [mem 0x00000000bf77f000-0x00000000bf783fff] usable
2016-02-26T20:22:10.446604+08:00 linux-9p04 kernel: [    0.000000] BIOS-e820: [mem 0x00000000bf784000-0x00000000bf7e7fff] ACPI NVS
2016-02-26T20:22:10.446607+08:00 linux-9p04 kernel: [    0.000000] BIOS-e820: [mem 0x00000000bf7e8000-0x00000000bf7fcfff] usable
2016-02-26T20:22:10.446608+08:00 linux-9p04 kernel: [    0.000000] BIOS-e820: [mem 0x00000000bf7fd000-0x00000000bf7fffff] ACPI data
2016-02-26T20:22:10.446609+08:00 linux-9p04 kernel: [    0.000000] BIOS-e820: [mem 0x00000000bf800000-0x00000000bfffffff] reserved
2016-02-26T20:22:10.446610+08:00 linux-9p04 kernel: [    0.000000] BIOS-e820: [mem 0x00000000e0000000-0x00000000e3ffffff] reserved
2016-02-26T20:22:10.446611+08:00 linux-9p04 kernel: [    0.000000] BIOS-e820: [mem 0x00000000fec00000-0x00000000fec00fff] reserved
2016-02-26T20:22:10.446612+08:00 linux-9p04 kernel: [    0.000000] BIOS-e820: [mem 0x00000000fed10000-0x00000000fed13fff] reserved
2016-02-26T20:22:10.446612+08:00 linux-9p04 kernel: [    0.000000] BIOS-e820: [mem 0x00000000fed18000-0x00000000fed19fff] reserved
2016-02-26T20:22:10.446614+08:00 linux-9p04 kernel: [    0.000000] BIOS-e820: [mem 0x00000000fed1c000-0x00000000fed1ffff] reserved
2016-02-26T20:22:10.446615+08:00 linux-9p04 kernel: [    0.000000] BIOS-e820: [mem 0x00000000fee00000-0x00000000fee00fff] reserved
2016-02-26T20:22:10.446616+08:00 linux-9p04 kernel: [    0.000000] BIOS-e820: [mem 0x00000000ff980000-0x00000000ffbfffff] reserved
2016-02-26T20:22:10.446617+08:00 linux-9p04 kernel: [    0.000000] BIOS-e820: [mem 0x00000000ffd80000-0x00000000ffffffff] reserved
2016-02-26T20:22:10.446618+08:00 linux-9p04 kernel: [    0.000000] BIOS-e820: [mem 0x0000000100000000-0x000000013f7fffff] usable
2016-02-26T20:22:10.446619+08:00 linux-9p04 kernel: [    0.000000] NX (Execute Disable) protection: active
2016-02-26T20:22:10.446621+08:00 linux-9p04 kernel: [    0.000000] SMBIOS 2.7 present.
2016-02-26T20:22:10.446622+08:00 linux-9p04 kernel: [    0.000000] DMI: ASUSTeK Computer Inc. P43SJ/P43SJ, BIOS P43SJ.308 01/06/2012
2016-02-26T20:22:10.446623+08:00 linux-9p04 kernel: [    0.000000] e820: update [mem 0x00000000-0x00000fff] usable ==> reserved
2016-02-26T20:22:10.446624+08:00 linux-9p04 kernel: [    0.000000] e820: remove [mem 0x000a0000-0x000fffff] usable
2016-02-26T20:22:10.446624+08:00 linux-9p04 kernel: [    0.000000] AGP: No AGP bridge found
2016-02-26T20:22:10.446625+08:00 linux-9p04 kernel: [    0.000000] e820: last_pfn = 0x13f800 max_arch_pfn = 0x400000000
2016-02-26T20:22:10.446626+08:00 linux-9p04 kernel: [    0.000000] MTRR default type: uncachable
2016-02-26T20:22:10.446628+08:00 linux-9p04 kernel: [    0.000000] MTRR fixed ranges enabled:
2016-02-26T20:22:10.446629+08:00 linux-9p04 kernel: [    0.000000]   00000-9FFFF write-back
2016-02-26T20:22:10.446630+08:00 linux-9p04 kernel: [    0.000000]   A0000-BFFFF uncachable
2016-02-26T20:22:10.446631+08:00 linux-9p04 kernel: [    0.000000]   C0000-CFFFF write-protect
2016-02-26T20:22:10.446632+08:00 linux-9p04 kernel: [    0.000000]   D0000-E7FFF uncachable
2016-02-26T20:22:10.446633+08:00 linux-9p04 kernel: [    0.000000]   E8000-FFFFF write-protect
2016-02-26T20:22:10.446634+08:00 linux-9p04 kernel: [    0.000000] MTRR variable ranges enabled:
2016-02-26T20:22:10.446636+08:00 linux-9p04 kernel: [    0.000000]   0 base 000000000 mask F80000000 write-back
2016-02-26T20:22:10.446637+08:00 linux-9p04 kernel: [    0.000000]   1 base 080000000 mask FC0000000 write-back
2016-02-26T20:22:10.446638+08:00 linux-9p04 kernel: [    0.000000]   2 base 100000000 mask FC0000000 write-back
2016-02-26T20:22:10.446638+08:00 linux-9p04 kernel: [    0.000000]   3 base 13F800000 mask FFF800000 uncachable
2016-02-26T20:22:10.446639+08:00 linux-9p04 kernel: [    0.000000]   4 base 0FFC00000 mask FFFC00000 write-protect
2016-02-26T20:22:10.446640+08:00 linux-9p04 kernel: [    0.000000]   5 disabled
2016-02-26T20:22:10.446641+08:00 linux-9p04 kernel: [    0.000000]   6 disabled
2016-02-26T20:22:10.446643+08:00 linux-9p04 kernel: [    0.000000]   7 disabled
2016-02-26T20:22:10.446644+08:00 linux-9p04 kernel: [    0.000000]   8 disabled
2016-02-26T20:22:10.446645+08:00 linux-9p04 kernel: [    0.000000]   9 disabled
2016-02-26T20:22:10.446646+08:00 linux-9p04 kernel: [    0.000000] x86 PAT enabled: cpu 0, old 0x7040600070406, new 0x7010600070106
2016-02-26T20:22:10.446647+08:00 linux-9p04 kernel: [    0.000000] e820: last_pfn = 0xbf7fd max_arch_pfn = 0x400000000
2016-02-26T20:22:10.446648+08:00 linux-9p04 kernel: [    0.000000] found SMP MP-table at [mem 0x000fcc10-0x000fcc1f] mapped at [ffff8800000fcc10]
2016-02-26T20:22:10.446648+08:00 linux-9p04 kernel: [    0.000000] Scanning 1 areas for low memory corruption
2016-02-26T20:22:10.446650+08:00 linux-9p04 kernel: [    0.000000] Base memory trampoline at [ffff880000099000] 99000 size 24576
2016-02-26T20:22:10.446651+08:00 linux-9p04 kernel: [    0.000000] init_memory_mapping: [mem 0x00000000-0x000fffff]
2016-02-26T20:22:10.446652+08:00 linux-9p04 kernel: [    0.000000]  [mem 0x00000000-0x000fffff] page 4k
2016-02-26T20:22:10.446653+08:00 linux-9p04 kernel: [    0.000000] BRK [0x01fb0000, 0x01fb0fff] PGTABLE
2016-02-26T20:22:10.446654+08:00 linux-9p04 kernel: [    0.000000] BRK [0x01fb1000, 0x01fb1fff] PGTABLE
2016-02-26T20:22:10.446655+08:00 linux-9p04 kernel: [    0.000000] BRK [0x01fb2000, 0x01fb2fff] PGTABLE
2016-02-26T20:22:10.446656+08:00 linux-9p04 kernel: [    0.000000] init_memory_mapping: [mem 0x13f600000-0x13f7fffff]
2016-02-26T20:22:10.446658+08:00 linux-9p04 kernel: [    0.000000]  [mem 0x13f600000-0x13f7fffff] page 2M
2016-02-26T20:22:10.446659+08:00 linux-9p04 kernel: [    0.000000] BRK [0x01fb3000, 0x01fb3fff] PGTABLE
2016-02-26T20:22:10.446659+08:00 linux-9p04 kernel: [    0.000000] init_memory_mapping: [mem 0x13c000000-0x13f5fffff]
2016-02-26T20:22:10.446660+08:00 linux-9p04 kernel: [    0.000000]  [mem 0x13c000000-0x13f5fffff] page 2M
2016-02-26T20:22:10.446661+08:00 linux-9p04 kernel: [    0.000000] init_memory_mapping: [mem 0x100000000-0x13bffffff]
2016-02-26T20:22:10.446662+08:00 linux-9p04 kernel: [    0.000000]  [mem 0x100000000-0x13bffffff] page 2M
2016-02-26T20:22:10.446663+08:00 linux-9p04 kernel: [    0.000000] init_memory_mapping: [mem 0x00100000-0x2004ffff]
2016-02-26T20:22:10.446665+08:00 linux-9p04 kernel: [    0.000000]  [mem 0x00100000-0x001fffff] page 4k
2016-02-26T20:22:10.446666+08:00 linux-9p04 kernel: [    0.000000]  [mem 0x00200000-0x1fffffff] page 2M
2016-02-26T20:22:10.446667+08:00 linux-9p04 kernel: [    0.000000]  [mem 0x20000000-0x2004ffff] page 4k
2016-02-26T20:22:10.446668+08:00 linux-9p04 kernel: [    0.000000] init_memory_mapping: [mem 0x20250000-0x3fffffff]
2016-02-26T20:22:10.446669+08:00 linux-9p04 kernel: [    0.000000]  [mem 0x20250000-0x203fffff] page 4k
2016-02-26T20:22:10.446669+08:00 linux-9p04 kernel: [    0.000000]  [mem 0x20400000-0x3fffffff] page 2M
2016-02-26T20:22:10.446670+08:00 linux-9p04 kernel: [    0.000000] BRK [0x01fb4000, 0x01fb4fff] PGTABLE
2016-02-26T20:22:10.446673+08:00 linux-9p04 kernel: [    0.000000] init_memory_mapping: [mem 0x40200000-0xbf4d9fff]
2016-02-26T20:22:10.446674+08:00 linux-9p04 kernel: [    0.000000]  [mem 0x40200000-0xbf3fffff] page 2M
2016-02-26T20:22:10.446675+08:00 linux-9p04 kernel: [    0.000000]  [mem 0xbf400000-0xbf4d9fff] page 4k
2016-02-26T20:22:10.446676+08:00 linux-9p04 kernel: [    0.000000] BRK [0x01fb5000, 0x01fb5fff] PGTABLE
2016-02-26T20:22:10.446677+08:00 linux-9p04 kernel: [    0.000000] init_memory_mapping: [mem 0xbf4ed000-0xbf4edfff]
2016-02-26T20:22:10.446678+08:00 linux-9p04 kernel: [    0.000000]  [mem 0xbf4ed000-0xbf4edfff] page 4k
2016-02-26T20:22:10.446678+08:00 linux-9p04 kernel: [    0.000000] init_memory_mapping: [mem 0xbf5b8000-0xbf5bafff]
2016-02-26T20:22:10.446680+08:00 linux-9p04 kernel: [    0.000000]  [mem 0xbf5b8000-0xbf5bafff] page 4k
2016-02-26T20:22:10.446681+08:00 linux-9p04 kernel: [    0.000000] init_memory_mapping: [mem 0xbf5e8000-0xbf726fff]
2016-02-26T20:22:10.446682+08:00 linux-9p04 kernel: [    0.000000]  [mem 0xbf5e8000-0xbf726fff] page 4k
2016-02-26T20:22:10.446683+08:00 linux-9p04 kernel: [    0.000000] init_memory_mapping: [mem 0xbf77f000-0xbf783fff]
2016-02-26T20:22:10.446684+08:00 linux-9p04 kernel: [    0.000000]  [mem 0xbf77f000-0xbf783fff] page 4k
2016-02-26T20:22:10.446685+08:00 linux-9p04 kernel: [    0.000000] init_memory_mapping: [mem 0xbf7e8000-0xbf7fcfff]
2016-02-26T20:22:10.446686+08:00 linux-9p04 kernel: [    0.000000]  [mem 0xbf7e8000-0xbf7fcfff] page 4k
2016-02-26T20:22:10.446688+08:00 linux-9p04 kernel: [    0.000000] RAMDISK: [mem 0x319c6000-0x34cdafff]
2016-02-26T20:22:10.446701+08:00 linux-9p04 kernel: [    0.000000] ACPI: Early table checksum verification disabled
2016-02-26T20:22:10.446703+08:00 linux-9p04 kernel: [    0.000000] ACPI: RSDP 0x00000000000F0430 000024 (v02 _ASUS_)
2016-02-26T20:22:10.446704+08:00 linux-9p04 kernel: [    0.000000] ACPI: XSDT 0x00000000BF7FEE18 00007C (v01 _ASUS_ Notebook 06222004 MSFT 00010013)
2016-02-26T20:22:10.446705+08:00 linux-9p04 kernel: [    0.000000] ACPI: FACP 0x00000000BF79BD98 0000F4 (v04 _ASUS_ NoteBook 06222004 MSFT 00010013)
2016-02-26T20:22:10.446706+08:00 linux-9p04 kernel: [    0.000000] ACPI BIOS Warning (bug): 32/64X FACS address mismatch in FADT: 0xBF7E5E40/0x00000000BF7E5D40, using 32-bit address (20140926/tbfadt-283)
2016-02-26T20:22:10.446709+08:00 linux-9p04 kernel: [    0.000000] ACPI: DSDT 0x00000000BF767018 00A967 (v01 _ASUS_ NoteBook 00000000 INTL 20091112)
2016-02-26T20:22:10.446710+08:00 linux-9p04 kernel: [    0.000000] ACPI: FACS 0x00000000BF7E5E40 000040
2016-02-26T20:22:10.446719+08:00 linux-9p04 kernel: [    0.000000] ACPI: APIC 0x00000000BF7FDF18 0000CC (v02 _ASUS_ NoteBook 06222004 MSFT 00010013)
2016-02-26T20:22:10.446720+08:00 linux-9p04 kernel: [    0.000000] ACPI: HPET 0x00000000BF7E6D18 000038 (v01 _ASUS_ NoteBook 06222004 AMI. 00000003)
2016-02-26T20:22:10.446721+08:00 linux-9p04 kernel: [    0.000000] ACPI: ECDT 0x00000000BF7E5B18 0000C1 (v01 _ASUS_ NoteBook 06222004 AMI  00000000)
2016-02-26T20:22:10.446722+08:00 linux-9p04 kernel: [    0.000000] ACPI: MCFG 0x00000000BF7E6C98 00003C (v01 _ASUS_ NoteBook 06222004 MSFT 00000097)
2016-02-26T20:22:10.446723+08:00 linux-9p04 kernel: [    0.000000] ACPI: SSDT 0x00000000BF77E018 00085F (v01 PmRef  Cpu0Ist  00003000 INTL 20091112)
2016-02-26T20:22:10.446725+08:00 linux-9p04 kernel: [    0.000000] ACPI: SSDT 0x00000000BF77D018 000996 (v01 PmRef  CpuPm    00003000 INTL 20091112)
2016-02-26T20:22:10.446727+08:00 linux-9p04 kernel: [    0.000000] ACPI: SLIC 0x00000000BF79CC18 000176 (v01 _ASUS_ Notebook 06222004 ASUS 00000001)
2016-02-26T20:22:10.446785+08:00 linux-9p04 kernel: [    0.000000] ACPI: DMAR 0x00000000BF7E5A18 0000B0 (v01 INTEL  SNB      00000001 INTL 00000001)
2016-02-26T20:22:10.446786+08:00 linux-9p04 kernel: [    0.000000] ACPI: SSDT 0x00000000BF789A98 00031E (v01 IdeRef IdeTable 00001000 INTL 20091112)
2016-02-26T20:22:10.446788+08:00 linux-9p04 kernel: [    0.000000] ACPI: ASF! 0x00000000BF7E5C18 0000A0 (v32 INTEL   HCG     00000001 TFSM 000F4240)
2016-02-26T20:22:10.446789+08:00 linux-9p04 kernel: [    0.000000] ACPI: Local APIC address 0xfee00000
2016-02-26T20:22:10.446790+08:00 linux-9p04 kernel: [    0.000000] No NUMA configuration found
2016-02-26T20:22:10.446792+08:00 linux-9p04 kernel: [    0.000000] Faking a node at [mem 0x0000000000000000-0x000000013f7fffff]
2016-02-26T20:22:10.446793+08:00 linux-9p04 kernel: [    0.000000] NODE_DATA(0) allocated [mem 0x13f7e8000-0x13f7fbfff]
2016-02-26T20:22:10.446794+08:00 linux-9p04 kernel: [    0.000000]  [ffffea0000000000-ffffea00045fffff] PMD -> [ffff88013ae00000-ffff88013e5fffff] on node 0
2016-02-26T20:22:10.446795+08:00 linux-9p04 kernel: [    0.000000] Zone ranges:
2016-02-26T20:22:10.446796+08:00 linux-9p04 kernel: [    0.000000]   DMA      [mem 0x00001000-0x00ffffff]
2016-02-26T20:22:10.446797+08:00 linux-9p04 kernel: [    0.000000]   DMA32    [mem 0x01000000-0xffffffff]
2016-02-26T20:22:10.446798+08:00 linux-9p04 kernel: [    0.000000]   Normal   [mem 0x100000000-0x13f7fffff]
2016-02-26T20:22:10.446800+08:00 linux-9p04 kernel: [    0.000000] Movable zone start for each node
2016-02-26T20:22:10.446801+08:00 linux-9p04 kernel: [    0.000000] Early memory node ranges
2016-02-26T20:22:10.446803+08:00 linux-9p04 kernel: [    0.000000]   node   0: [mem 0x00001000-0x0009efff]
2016-02-26T20:22:10.446804+08:00 linux-9p04 kernel: [    0.000000]   node   0: [mem 0x00100000-0x2004ffff]
2016-02-26T20:22:10.446804+08:00 linux-9p04 kernel: [    0.000000]   node   0: [mem 0x20250000-0x3fffffff]
2016-02-26T20:22:10.446805+08:00 linux-9p04 kernel: [    0.000000]   node   0: [mem 0x40200000-0xbf4d9fff]
2016-02-26T20:22:10.446808+08:00 linux-9p04 kernel: [    0.000000]   node   0: [mem 0xbf4ed000-0xbf4edfff]
2016-02-26T20:22:10.446811+08:00 linux-9p04 kernel: [    0.000000]   node   0: [mem 0xbf5b8000-0xbf5bafff]
2016-02-26T20:22:10.446813+08:00 linux-9p04 kernel: [    0.000000]   node   0: [mem 0xbf5e8000-0xbf726fff]
2016-02-26T20:22:10.446815+08:00 linux-9p04 kernel: [    0.000000]   node   0: [mem 0xbf77f000-0xbf783fff]
2016-02-26T20:22:10.446816+08:00 linux-9p04 kernel: [    0.000000]   node   0: [mem 0xbf7e8000-0xbf7fcfff]
2016-02-26T20:22:10.446818+08:00 linux-9p04 kernel: [    0.000000]   node   0: [mem 0x100000000-0x13f7fffff]
2016-02-26T20:22:10.446820+08:00 linux-9p04 kernel: [    0.000000] Initmem setup node 0 [mem 0x00001000-0x13f7fffff]
2016-02-26T20:22:10.446822+08:00 linux-9p04 kernel: [    0.000000] On node 0 totalpages: 1042901
2016-02-26T20:22:10.446825+08:00 linux-9p04 kernel: [    0.000000]   DMA zone: 56 pages used for memmap
2016-02-26T20:22:10.446827+08:00 linux-9p04 kernel: [    0.000000]   DMA zone: 21 pages reserved
2016-02-26T20:22:10.446829+08:00 linux-9p04 kernel: [    0.000000]   DMA zone: 3998 pages, LIFO batch:0
2016-02-26T20:22:10.446830+08:00 linux-9p04 kernel: [    0.000000]   DMA32 zone: 10648 pages used for memmap
2016-02-26T20:22:10.446832+08:00 linux-9p04 kernel: [    0.000000]   DMA32 zone: 778807 pages, LIFO batch:31
2016-02-26T20:22:10.446834+08:00 linux-9p04 kernel: [    0.000000]   Normal zone: 3556 pages used for memmap
2016-02-26T20:22:10.446836+08:00 linux-9p04 kernel: [    0.000000]   Normal zone: 260096 pages, LIFO batch:31
2016-02-26T20:22:10.446840+08:00 linux-9p04 kernel: [    0.000000] ACPI: PM-Timer IO Port: 0x408
2016-02-26T20:22:10.446843+08:00 linux-9p04 kernel: [    0.000000] ACPI: Local APIC address 0xfee00000
2016-02-26T20:22:10.446844+08:00 linux-9p04 kernel: [    0.000000] ACPI: LAPIC (acpi_id[0x01] lapic_id[0x00] enabled)
2016-02-26T20:22:10.446846+08:00 linux-9p04 kernel: [    0.000000] ACPI: LAPIC (acpi_id[0x02] lapic_id[0x02] enabled)
2016-02-26T20:22:10.446848+08:00 linux-9p04 kernel: [    0.000000] ACPI: LAPIC (acpi_id[0x03] lapic_id[0x01] enabled)
2016-02-26T20:22:10.446849+08:00 linux-9p04 kernel: [    0.000000] ACPI: LAPIC (acpi_id[0x04] lapic_id[0x03] enabled)
2016-02-26T20:22:10.446851+08:00 linux-9p04 kernel: [    0.000000] ACPI: LAPIC (acpi_id[0x05] lapic_id[0x04] disabled)
2016-02-26T20:22:10.446854+08:00 linux-9p04 kernel: [    0.000000] ACPI: LAPIC (acpi_id[0x06] lapic_id[0x05] disabled)
2016-02-26T20:22:10.446856+08:00 linux-9p04 kernel: [    0.000000] ACPI: LAPIC (acpi_id[0x07] lapic_id[0x06] disabled)
2016-02-26T20:22:10.446858+08:00 linux-9p04 kernel: [    0.000000] ACPI: LAPIC (acpi_id[0x08] lapic_id[0x07] disabled)
2016-02-26T20:22:10.446860+08:00 linux-9p04 kernel: [    0.000000] ACPI: LAPIC (acpi_id[0x09] lapic_id[0x08] disabled)
2016-02-26T20:22:10.446862+08:00 linux-9p04 kernel: [    0.000000] ACPI: LAPIC (acpi_id[0x0a] lapic_id[0x09] disabled)
2016-02-26T20:22:10.446864+08:00 linux-9p04 kernel: [    0.000000] ACPI: LAPIC (acpi_id[0x0b] lapic_id[0x0a] disabled)
2016-02-26T20:22:10.446865+08:00 linux-9p04 kernel: [    0.000000] ACPI: LAPIC (acpi_id[0x0c] lapic_id[0x0b] disabled)
2016-02-26T20:22:10.446869+08:00 linux-9p04 kernel: [    0.000000] ACPI: LAPIC (acpi_id[0x0d] lapic_id[0x0c] disabled)
2016-02-26T20:22:10.446871+08:00 linux-9p04 kernel: [    0.000000] ACPI: LAPIC (acpi_id[0x0e] lapic_id[0x0d] disabled)
2016-02-26T20:22:10.446873+08:00 linux-9p04 kernel: [    0.000000] ACPI: LAPIC (acpi_id[0x0f] lapic_id[0x0e] disabled)
2016-02-26T20:22:10.446875+08:00 linux-9p04 kernel: [    0.000000] ACPI: LAPIC (acpi_id[0x10] lapic_id[0x0f] disabled)
2016-02-26T20:22:10.446877+08:00 linux-9p04 kernel: [    0.000000] ACPI: IOAPIC (id[0x02] address[0xfec00000] gsi_base[0])
2016-02-26T20:22:10.446879+08:00 linux-9p04 kernel: [    0.000000] IOAPIC[0]: apic_id 2, version 32, address 0xfec00000, GSI 0-23
2016-02-26T20:22:10.446882+08:00 linux-9p04 kernel: [    0.000000] ACPI: INT_SRC_OVR (bus 0 bus_irq 0 global_irq 2 dfl dfl)
2016-02-26T20:22:10.446885+08:00 linux-9p04 kernel: [    0.000000] ACPI: INT_SRC_OVR (bus 0 bus_irq 9 global_irq 9 high level)
2016-02-26T20:22:10.446886+08:00 linux-9p04 kernel: [    0.000000] ACPI: IRQ0 used by override.
2016-02-26T20:22:10.446888+08:00 linux-9p04 kernel: [    0.000000] ACPI: IRQ9 used by override.
2016-02-26T20:22:10.446890+08:00 linux-9p04 kernel: [    0.000000] Using ACPI (MADT) for SMP configuration information
2016-02-26T20:22:10.446892+08:00 linux-9p04 kernel: [    0.000000] ACPI: HPET id: 0x8086a701 base: 0xfed00000
2016-02-26T20:22:10.446894+08:00 linux-9p04 kernel: [    0.000000] smpboot: Allowing 16 CPUs, 12 hotplug CPUs
2016-02-26T20:22:10.446897+08:00 linux-9p04 kernel: [    0.000000] PM: Registered nosave memory: [mem 0x00000000-0x00000fff]
2016-02-26T20:22:10.446900+08:00 linux-9p04 kernel: [    0.000000] PM: Registered nosave memory: [mem 0x0009f000-0x0009ffff]
2016-02-26T20:22:10.446901+08:00 linux-9p04 kernel: [    0.000000] PM: Registered nosave memory: [mem 0x000a0000-0x000dffff]
2016-02-26T20:22:10.446903+08:00 linux-9p04 kernel: [    0.000000] PM: Registered nosave memory: [mem 0x000e0000-0x000fffff]
2016-02-26T20:22:10.446905+08:00 linux-9p04 kernel: [    0.000000] PM: Registered nosave memory: [mem 0x20050000-0x2024ffff]
2016-02-26T20:22:10.446907+08:00 linux-9p04 kernel: [    0.000000] PM: Registered nosave memory: [mem 0x40000000-0x401fffff]
2016-02-26T20:22:10.446908+08:00 linux-9p04 kernel: [    0.000000] PM: Registered nosave memory: [mem 0xbf4da000-0xbf4ecfff]
2016-02-26T20:22:10.446913+08:00 linux-9p04 kernel: [    0.000000] PM: Registered nosave memory: [mem 0xbf4ee000-0xbf5b7fff]
2016-02-26T20:22:10.446915+08:00 linux-9p04 kernel: [    0.000000] PM: Registered nosave memory: [mem 0xbf5bb000-0xbf5e7fff]
2016-02-26T20:22:10.446917+08:00 linux-9p04 kernel: [    0.000000] PM: Registered nosave memory: [mem 0xbf727000-0xbf77efff]
2016-02-26T20:22:10.446918+08:00 linux-9p04 kernel: [    0.000000] PM: Registered nosave memory: [mem 0xbf784000-0xbf7e7fff]
2016-02-26T20:22:10.446920+08:00 linux-9p04 kernel: [    0.000000] PM: Registered nosave memory: [mem 0xbf7fd000-0xbf7fffff]
2016-02-26T20:22:10.446922+08:00 linux-9p04 kernel: [    0.000000] PM: Registered nosave memory: [mem 0xbf800000-0xbfffffff]
2016-02-26T20:22:10.446924+08:00 linux-9p04 kernel: [    0.000000] PM: Registered nosave memory: [mem 0xc0000000-0xdfffffff]
2016-02-26T20:22:10.446927+08:00 linux-9p04 kernel: [    0.000000] PM: Registered nosave memory: [mem 0xe0000000-0xe3ffffff]
2016-02-26T20:22:10.446929+08:00 linux-9p04 kernel: [    0.000000] PM: Registered nosave memory: [mem 0xe4000000-0xfebfffff]
2016-02-26T20:22:10.446930+08:00 linux-9p04 kernel: [    0.000000] PM: Registered nosave memory: [mem 0xfec00000-0xfec00fff]
2016-02-26T20:22:10.446932+08:00 linux-9p04 kernel: [    0.000000] PM: Registered nosave memory: [mem 0xfec01000-0xfed0ffff]
2016-02-26T20:22:10.446934+08:00 linux-9p04 kernel: [    0.000000] PM: Registered nosave memory: [mem 0xfed10000-0xfed13fff]
2016-02-26T20:22:10.446936+08:00 linux-9p04 kernel: [    0.000000] PM: Registered nosave memory: [mem 0xfed14000-0xfed17fff]
2016-02-26T20:22:10.446938+08:00 linux-9p04 kernel: [    0.000000] PM: Registered nosave memory: [mem 0xfed18000-0xfed19fff]
2016-02-26T20:22:10.446941+08:00 linux-9p04 kernel: [    0.000000] PM: Registered nosave memory: [mem 0xfed1a000-0xfed1bfff]
2016-02-26T20:22:10.446944+08:00 linux-9p04 kernel: [    0.000000] PM: Registered nosave memory: [mem 0xfed1c000-0xfed1ffff]
2016-02-26T20:22:10.446946+08:00 linux-9p04 kernel: [    0.000000] PM: Registered nosave memory: [mem 0xfed20000-0xfedfffff]
2016-02-26T20:22:10.446948+08:00 linux-9p04 kernel: [    0.000000] PM: Registered nosave memory: [mem 0xfee00000-0xfee00fff]
2016-02-26T20:22:10.446950+08:00 linux-9p04 kernel: [    0.000000] PM: Registered nosave memory: [mem 0xfee01000-0xff97ffff]
2016-02-26T20:22:10.446952+08:00 linux-9p04 kernel: [    0.000000] PM: Registered nosave memory: [mem 0xff980000-0xffbfffff]
2016-02-26T20:22:10.446953+08:00 linux-9p04 kernel: [    0.000000] PM: Registered nosave memory: [mem 0xffc00000-0xffd7ffff]
2016-02-26T20:22:10.446958+08:00 linux-9p04 kernel: [    0.000000] PM: Registered nosave memory: [mem 0xffd80000-0xffffffff]
2016-02-26T20:22:10.446961+08:00 linux-9p04 kernel: [    0.000000] e820: [mem 0xc0000000-0xdfffffff] available for PCI devices
2016-02-26T20:22:10.446963+08:00 linux-9p04 kernel: [    0.000000] Booting paravirtualized kernel on bare hardware
2016-02-26T20:22:10.446965+08:00 linux-9p04 kernel: [    0.000000] setup_percpu: NR_CPUS:512 nr_cpumask_bits:512 nr_cpu_ids:16 nr_node_ids:1
2016-02-26T20:22:10.446967+08:00 linux-9p04 kernel: [    0.000000] PERCPU: Embedded 29 pages/cpu @ffff88013f400000 s78848 r8192 d31744 u131072
2016-02-26T20:22:10.446969+08:00 linux-9p04 kernel: [    0.000000] pcpu-alloc: s78848 r8192 d31744 u131072 alloc=1*2097152
2016-02-26T20:22:10.446971+08:00 linux-9p04 kernel: [    0.000000] pcpu-alloc: [0] 00 01 02 03 04 05 06 07 08 09 10 11 12 13 14 15 
2016-02-26T20:22:10.446975+08:00 linux-9p04 kernel: [    0.000000] Built 1 zonelists in Node order, mobility grouping on.  Total pages: 1028620
2016-02-26T20:22:10.446977+08:00 linux-9p04 kernel: [    0.000000] Policy zone: Normal
2016-02-26T20:22:10.446979+08:00 linux-9p04 kernel: [    0.000000] Kernel command line: BOOT_IMAGE=/boot/vmlinuz-3.18.16-29-desktop root=UUID=a973f98c-1435-4c38-87c5-7fb9405fc869 resume=/dev/disk/by-id/ata-Hitachi_HTS547575A9E384_J1140021DU7GYJ-part5 splash=silent quiet showopts
2016-02-26T20:22:10.446981+08:00 linux-9p04 kernel: [    0.000000] PID hash table entries: 4096 (order: 3, 32768 bytes)
2016-02-26T20:22:10.446983+08:00 linux-9p04 kernel: [    0.000000] xsave: enabled xstate_bv 0x7, cntxt size 0x340 using standard form
2016-02-26T20:22:10.446985+08:00 linux-9p04 kernel: [    0.000000] AGP: Checking aperture...
2016-02-26T20:22:10.446989+08:00 linux-9p04 kernel: [    0.000000] AGP: No AGP bridge found
2016-02-26T20:22:10.446992+08:00 linux-9p04 kernel: [    0.000000] Memory: 3977520K/4171604K available (6441K kernel code, 873K rwdata, 2956K rodata, 1332K init, 1532K bss, 194084K reserved)
2016-02-26T20:22:10.446994+08:00 linux-9p04 kernel: [    0.000000] Preemptible hierarchical RCU implementation.
2016-02-26T20:22:10.446996+08:00 linux-9p04 kernel: [    0.000000] 	RCU dyntick-idle grace-period acceleration is enabled.
2016-02-26T20:22:10.446998+08:00 linux-9p04 kernel: [    0.000000] 	RCU restricting CPUs from NR_CPUS=512 to nr_cpu_ids=16.
2016-02-26T20:22:10.447000+08:00 linux-9p04 kernel: [    0.000000] RCU: Adjusting geometry for rcu_fanout_leaf=16, nr_cpu_ids=16
2016-02-26T20:22:10.447002+08:00 linux-9p04 kernel: [    0.000000] NR_IRQS:33024 nr_irqs:552 0
2016-02-26T20:22:10.447009+08:00 linux-9p04 kernel: [    0.000000] 	Offload RCU callbacks from all CPUs
2016-02-26T20:22:10.447011+08:00 linux-9p04 kernel: [    0.000000] 	Offload RCU callbacks from CPUs: 0-15.
2016-02-26T20:22:10.447013+08:00 linux-9p04 kernel: [    0.000000] Console: colour VGA+ 80x25
2016-02-26T20:22:10.447015+08:00 linux-9p04 kernel: [    0.000000] console [tty0] enabled
2016-02-26T20:22:10.447017+08:00 linux-9p04 kernel: [    0.000000] allocated 16777216 bytes of page_cgroup
2016-02-26T20:22:10.446567+08:00 linux-9p04 systemd[1]: Starting udev Kernel Socket.
2016-02-26T20:22:10.447037+08:00 linux-9p04 systemd[1]: Listening on udev Kernel Socket.
2016-02-26T20:22:10.447045+08:00 linux-9p04 systemd[1]: Starting udev Control Socket.
2016-02-26T20:22:10.447052+08:00 linux-9p04 systemd[1]: Listening on udev Control Socket.
2016-02-26T20:22:10.447059+08:00 linux-9p04 systemd[1]: Starting Encrypted Volumes.
2016-02-26T20:22:10.447065+08:00 linux-9p04 systemd[1]: Reached target Encrypted Volumes.
2016-02-26T20:22:10.447071+08:00 linux-9p04 systemd[1]: Mounting Huge Pages File System...
2016-02-26T20:22:10.447077+08:00 linux-9p04 systemd[1]: Starting Create list of required static device nodes for the current kernel...
2016-02-26T20:22:10.447086+08:00 linux-9p04 systemd[1]: Starting Arbitrary Executable File Formats File System Automount Point.
2016-02-26T20:22:10.446731+08:00 linux-9p04 systemd[1]: Started System Logging Service.
2016-02-26T20:22:10.447019+08:00 linux-9p04 kernel: [    0.000000] please try 'cgroup_disable=memory' option if you don't want memory cgroups
2016-02-26T20:22:10.447144+08:00 linux-9p04 kernel: [    0.000000] hpet clockevent registered
2016-02-26T20:22:10.447151+08:00 linux-9p04 kernel: [    0.000000] tsc: Fast TSC calibration using PIT
2016-02-26T20:22:10.447274+08:00 linux-9p04 kernel: [    0.000000] tsc: Detected 2793.732 MHz processor
2016-02-26T20:22:10.447279+08:00 linux-9p04 kernel: [    0.000036] Calibrating delay loop (skipped), value calculated using timer frequency.. 5587.46 BogoMIPS (lpj=2793732)
2016-02-26T20:22:10.447281+08:00 linux-9p04 kernel: [    0.000038] pid_max: default: 32768 minimum: 301
2016-02-26T20:22:10.447282+08:00 linux-9p04 kernel: [    0.000047] ACPI: Core revision 20140926
2016-02-26T20:22:10.447283+08:00 linux-9p04 kernel: [    0.009240] ACPI: All ACPI Tables successfully acquired
2016-02-26T20:22:10.447285+08:00 linux-9p04 kernel: [    0.015180] Security Framework initialized
2016-02-26T20:22:10.447291+08:00 linux-9p04 kernel: [    0.015192] AppArmor: AppArmor initialized
2016-02-26T20:22:10.447293+08:00 linux-9p04 kernel: [    0.015448] Dentry cache hash table entries: 524288 (order: 10, 4194304 bytes)
2016-02-26T20:22:10.447295+08:00 linux-9p04 kernel: [    0.016373] Inode-cache hash table entries: 262144 (order: 9, 2097152 bytes)
2016-02-26T20:22:10.447296+08:00 linux-9p04 kernel: [    0.016798] Mount-cache hash table entries: 8192 (order: 4, 65536 bytes)
2016-02-26T20:22:10.447297+08:00 linux-9p04 kernel: [    0.016803] Mountpoint-cache hash table entries: 8192 (order: 4, 65536 bytes)
2016-02-26T20:22:10.447298+08:00 linux-9p04 kernel: [    0.017042] Initializing cgroup subsys memory
2016-02-26T20:22:10.447300+08:00 linux-9p04 kernel: [    0.017049] Initializing cgroup subsys devices
2016-02-26T20:22:10.447303+08:00 linux-9p04 kernel: [    0.017051] Initializing cgroup subsys freezer
2016-02-26T20:22:10.447305+08:00 linux-9p04 kernel: [    0.017053] Initializing cgroup subsys net_cls
2016-02-26T20:22:10.447306+08:00 linux-9p04 kernel: [    0.017056] Initializing cgroup subsys blkio
2016-02-26T20:22:10.447307+08:00 linux-9p04 kernel: [    0.017058] Initializing cgroup subsys perf_event
2016-02-26T20:22:10.447308+08:00 linux-9p04 kernel: [    0.017060] Initializing cgroup subsys hugetlb
2016-02-26T20:22:10.447310+08:00 linux-9p04 kernel: [    0.017082] CPU: Physical Processor ID: 0
2016-02-26T20:22:10.447311+08:00 linux-9p04 kernel: [    0.017083] CPU: Processor Core ID: 0
2016-02-26T20:22:10.447314+08:00 linux-9p04 kernel: [    0.017087] ENERGY_PERF_BIAS: Set to 'normal', was 'performance'
2016-02-26T20:22:10.447315+08:00 linux-9p04 kernel: [    0.017087] ENERGY_PERF_BIAS: View and update with x86_energy_perf_policy(8)
2016-02-26T20:22:10.447317+08:00 linux-9p04 kernel: [    0.017089] mce: CPU supports 7 MCE banks
2016-02-26T20:22:10.447318+08:00 linux-9p04 kernel: [    0.017099] CPU0: Thermal monitoring enabled (TM1)
2016-02-26T20:22:10.447319+08:00 linux-9p04 kernel: [    0.017105] process: using mwait in idle threads
2016-02-26T20:22:10.447320+08:00 linux-9p04 kernel: [    0.017108] Last level iTLB entries: 4KB 512, 2MB 8, 4MB 8
2016-02-26T20:22:10.447324+08:00 linux-9p04 kernel: [    0.017108] Last level dTLB entries: 4KB 512, 2MB 32, 4MB 32, 1GB 0
2016-02-26T20:22:10.447325+08:00 linux-9p04 kernel: [    0.017209] Freeing SMP alternatives memory: 24K (ffffffff81e29000 - ffffffff81e2f000)
2016-02-26T20:22:10.447326+08:00 linux-9p04 kernel: [    0.018173] dmar: Host address width 36
2016-02-26T20:22:10.447328+08:00 linux-9p04 kernel: [    0.018175] dmar: DRHD base: 0x000000fed91000 flags: 0x1
2016-02-26T20:22:10.447329+08:00 linux-9p04 kernel: [    0.018184] dmar: IOMMU 0: reg_base_addr fed91000 ver 1:0 cap c9008020660262 ecap f0105a
2016-02-26T20:22:10.447330+08:00 linux-9p04 kernel: [    0.018185] dmar: RMRR base: 0x000000bf5ce000 end: 0x000000bf5e4fff
2016-02-26T20:22:10.447331+08:00 linux-9p04 kernel: [    0.018256] IOAPIC id 2 under DRHD base  0xfed91000 IOMMU 0
2016-02-26T20:22:10.447334+08:00 linux-9p04 kernel: [    0.018257] HPET id 0 under DRHD base 0xfed91000
2016-02-26T20:22:10.447336+08:00 linux-9p04 kernel: [    0.018258] HPET id 0 under DRHD base 0xfed91000
2016-02-26T20:22:10.447337+08:00 linux-9p04 kernel: [    0.018259] HPET id 0 under DRHD base 0xfed91000
2016-02-26T20:22:10.447338+08:00 linux-9p04 kernel: [    0.018260] HPET id 0 under DRHD base 0xfed91000
2016-02-26T20:22:10.447339+08:00 linux-9p04 kernel: [    0.018260] HPET id 0 under DRHD base 0xfed91000
2016-02-26T20:22:10.447341+08:00 linux-9p04 kernel: [    0.018261] HPET id 0 under DRHD base 0xfed91000
2016-02-26T20:22:10.447342+08:00 linux-9p04 kernel: [    0.018262] HPET id 0 under DRHD base 0xfed91000
2016-02-26T20:22:10.447345+08:00 linux-9p04 kernel: [    0.018263] HPET id 0 under DRHD base 0xfed91000
2016-02-26T20:22:10.447346+08:00 linux-9p04 kernel: [    0.018264] Queued invalidation will be enabled to support x2apic and Intr-remapping.
2016-02-26T20:22:10.447348+08:00 linux-9p04 kernel: [    0.018386] Enabled IRQ remapping in x2apic mode
2016-02-26T20:22:10.447349+08:00 linux-9p04 kernel: [    0.018387] Enabling x2apic
2016-02-26T20:22:10.447350+08:00 linux-9p04 kernel: [    0.018388] Enabled x2apic
2016-02-26T20:22:10.447351+08:00 linux-9p04 kernel: [    0.018392] Switched APIC routing to cluster x2apic.
2016-02-26T20:22:10.447352+08:00 linux-9p04 kernel: [    0.018838] ..TIMER: vector=0x30 apic1=0 pin1=2 apic2=-1 pin2=-1
2016-02-26T20:22:10.447357+08:00 linux-9p04 kernel: [    0.028853] smpboot: CPU0: Intel(R) Core(TM) i7-2640M CPU @ 2.80GHz (fam: 06, model: 2a, stepping: 07)
2016-02-26T20:22:10.447358+08:00 linux-9p04 kernel: [    0.028860] TSC deadline timer enabled
2016-02-26T20:22:10.447360+08:00 linux-9p04 kernel: [    0.028879] Performance Events: PEBS fmt1+, 16-deep LBR, SandyBridge events, full-width counters, Intel PMU driver.
2016-02-26T20:22:10.447361+08:00 linux-9p04 kernel: [    0.028896] perf_event_intel: PEBS disabled due to CPU errata, please upgrade microcode
2016-02-26T20:22:10.447362+08:00 linux-9p04 kernel: [    0.028898] ... version:                3
2016-02-26T20:22:10.447363+08:00 linux-9p04 kernel: [    0.028899] ... bit width:              48
2016-02-26T20:22:10.447365+08:00 linux-9p04 kernel: [    0.028899] ... generic registers:      4
2016-02-26T20:22:10.447368+08:00 linux-9p04 kernel: [    0.028900] ... value mask:             0000ffffffffffff
2016-02-26T20:22:10.447369+08:00 linux-9p04 kernel: [    0.028901] ... max period:             0000ffffffffffff
2016-02-26T20:22:10.447371+08:00 linux-9p04 kernel: [    0.028902] ... fixed-purpose events:   3
2016-02-26T20:22:10.447372+08:00 linux-9p04 kernel: [    0.028903] ... event mask:             000000070000000f
2016-02-26T20:22:10.447382+08:00 linux-9p04 kernel: [    0.039113] x86: Booting SMP configuration:
2016-02-26T20:22:10.447383+08:00 linux-9p04 kernel: [    0.039115] .... node  #0, CPUs:        #1
2016-02-26T20:22:10.447384+08:00 linux-9p04 kernel: [    0.052365] NMI watchdog: enabled on all CPUs, permanently consumes one hw-PMU counter.
2016-02-26T20:22:10.447396+08:00 linux-9p04 kernel: [    0.054453]   #2  #3
2016-02-26T20:22:10.447398+08:00 linux-9p04 kernel: [    0.082953] x86: Booted up 1 node, 4 CPUs
2016-02-26T20:22:10.447399+08:00 linux-9p04 kernel: [    0.082956] smpboot: Total of 4 processors activated (22349.85 BogoMIPS)
2016-02-26T20:22:10.447400+08:00 linux-9p04 kernel: [    0.086316] devtmpfs: initialized
2016-02-26T20:22:10.447401+08:00 linux-9p04 kernel: [    0.088656] PM: Registering ACPI NVS region [mem 0xbf727000-0xbf77efff] (360448 bytes)
2016-02-26T20:22:10.447403+08:00 linux-9p04 kernel: [    0.088665] PM: Registering ACPI NVS region [mem 0xbf784000-0xbf7e7fff] (409600 bytes)
2016-02-26T20:22:10.447404+08:00 linux-9p04 kernel: [    0.088898] RTC time: 20:21:45, date: 02/26/16
2016-02-26T20:22:10.447407+08:00 linux-9p04 kernel: [    0.089010] NET: Registered protocol family 16
2016-02-26T20:22:10.447418+08:00 linux-9p04 kernel: [    0.092153] cpuidle: using governor ladder
2016-02-26T20:22:10.447420+08:00 linux-9p04 kernel: [    0.095163] cpuidle: using governor menu
2016-02-26T20:22:10.447422+08:00 linux-9p04 kernel: [    0.095290] ACPI FADT declares the system doesn't support PCIe ASPM, so disable it
2016-02-26T20:22:10.447425+08:00 linux-9p04 kernel: [    0.095291] ACPI: bus type PCI registered
2016-02-26T20:22:10.447426+08:00 linux-9p04 kernel: [    0.095293] acpiphp: ACPI Hot Plug PCI Controller Driver version: 0.5
2016-02-26T20:22:10.447432+08:00 linux-9p04 kernel: [    0.095371] PCI: MMCONFIG for domain 0000 [bus 00-3f] at [mem 0xe0000000-0xe3ffffff] (base 0xe0000000)
2016-02-26T20:22:10.447434+08:00 linux-9p04 kernel: [    0.095373] PCI: MMCONFIG at [mem 0xe0000000-0xe3ffffff] reserved in E820
2016-02-26T20:22:10.447437+08:00 linux-9p04 kernel: [    0.095443] PCI: Using configuration type 1 for base access
2016-02-26T20:22:10.447439+08:00 linux-9p04 kernel: [    0.095624] mtrr: your CPUs had inconsistent variable MTRR settings
2016-02-26T20:22:10.447441+08:00 linux-9p04 kernel: [    0.095625] mtrr: probably your BIOS does not setup all CPUs.
2016-02-26T20:22:10.447443+08:00 linux-9p04 kernel: [    0.095626] mtrr: corrected configuration.
2016-02-26T20:22:10.447445+08:00 linux-9p04 kernel: [    0.099649] ACPI: Added _OSI(Module Device)
2016-02-26T20:22:10.447450+08:00 linux-9p04 kernel: [    0.099651] ACPI: Added _OSI(Processor Device)
2016-02-26T20:22:10.447452+08:00 linux-9p04 kernel: [    0.099652] ACPI: Added _OSI(3.0 _SCP Extensions)
2016-02-26T20:22:10.447455+08:00 linux-9p04 kernel: [    0.099653] ACPI: Added _OSI(Processor Aggregator Device)
2016-02-26T20:22:10.447457+08:00 linux-9p04 kernel: [    0.101074] ACPI : EC: EC description table is found, configuring boot EC
2016-02-26T20:22:10.447459+08:00 linux-9p04 kernel: [    0.102584] ACPI: Executed 1 blocks of module-level executable AML code
2016-02-26T20:22:10.447461+08:00 linux-9p04 kernel: [    0.106120] [Firmware Bug]: ACPI: BIOS _OSI(Linux) query ignored
2016-02-26T20:22:10.447463+08:00 linux-9p04 kernel: [    0.134238] ACPI: Dynamic OEM Table Load:
2016-02-26T20:22:10.447467+08:00 linux-9p04 kernel: [    0.134245] ACPI: SSDT 0xFFFF88013E83D800 00073F (v01 PmRef  Cpu0Cst  00003001 INTL 20091112)
2016-02-26T20:22:10.447470+08:00 linux-9p04 kernel: [    0.137218] ACPI: Dynamic OEM Table Load:
2016-02-26T20:22:10.447472+08:00 linux-9p04 kernel: [    0.137223] ACPI: SSDT 0xFFFF8801392CF000 000303 (v01 PmRef  ApIst    00003000 INTL 20091112)
2016-02-26T20:22:10.447474+08:00 linux-9p04 kernel: [    0.140024] ACPI: Dynamic OEM Table Load:
2016-02-26T20:22:10.447476+08:00 linux-9p04 kernel: [    0.140028] ACPI: SSDT 0xFFFF88013935AE00 000119 (v01 PmRef  ApCst    00003000 INTL 20091112)
2016-02-26T20:22:10.447478+08:00 linux-9p04 kernel: [    0.146138] ACPI: Interpreter enabled
2016-02-26T20:22:10.447480+08:00 linux-9p04 kernel: [    0.146148] ACPI Exception: AE_NOT_FOUND, While evaluating Sleep State [\_S2_] (20140926/hwxface-580)
2016-02-26T20:22:10.447485+08:00 linux-9p04 kernel: [    0.146161] ACPI: (supports S0 S1 S3 S4 S5)
2016-02-26T20:22:10.447488+08:00 linux-9p04 kernel: [    0.146162] ACPI: Using IOAPIC for interrupt routing
2016-02-26T20:22:10.447490+08:00 linux-9p04 kernel: [    0.146191] PCI: Using host bridge windows from ACPI; if necessary, use "pci=nocrs" and report a bug
2016-02-26T20:22:10.447492+08:00 linux-9p04 kernel: [    0.153811] ACPI: PCI Root Bridge [PCI0] (domain 0000 [bus 00-3e])
2016-02-26T20:22:10.447494+08:00 linux-9p04 kernel: [    0.153817] acpi PNP0A08:00: _OSC: OS supports [ExtendedConfig ASPM ClockPM Segments MSI]
2016-02-26T20:22:10.447496+08:00 linux-9p04 kernel: [    0.153864] \_SB_.PCI0:_OSC invalid UUID
2016-02-26T20:22:10.447498+08:00 linux-9p04 kernel: [    0.153865] _OSC request data:1 1f 0 
2016-02-26T20:22:10.447503+08:00 linux-9p04 kernel: [    0.153871] acpi PNP0A08:00: _OSC failed (AE_ERROR); disabling ASPM
2016-02-26T20:22:10.447505+08:00 linux-9p04 kernel: [    0.154714] PCI host bridge to bus 0000:00
2016-02-26T20:22:10.447507+08:00 linux-9p04 kernel: [    0.154716] pci_bus 0000:00: root bus resource [bus 00-3e]
2016-02-26T20:22:10.447509+08:00 linux-9p04 kernel: [    0.154718] pci_bus 0000:00: root bus resource [io  0x0000-0x0cf7]
2016-02-26T20:22:10.447511+08:00 linux-9p04 kernel: [    0.154720] pci_bus 0000:00: root bus resource [io  0x0d00-0xffff]
2016-02-26T20:22:10.447513+08:00 linux-9p04 kernel: [    0.154721] pci_bus 0000:00: root bus resource [mem 0x000a0000-0x000bffff]
2016-02-26T20:22:10.447518+08:00 linux-9p04 kernel: [    0.154723] pci_bus 0000:00: root bus resource [mem 0x000d0000-0x000d3fff]
2016-02-26T20:22:10.447521+08:00 linux-9p04 kernel: [    0.154724] pci_bus 0000:00: root bus resource [mem 0x000d4000-0x000d7fff]
2016-02-26T20:22:10.447523+08:00 linux-9p04 kernel: [    0.154725] pci_bus 0000:00: root bus resource [mem 0x000d8000-0x000dbfff]
2016-02-26T20:22:10.447525+08:00 linux-9p04 kernel: [    0.154727] pci_bus 0000:00: root bus resource [mem 0x000dc000-0x000dffff]
2016-02-26T20:22:10.447527+08:00 linux-9p04 kernel: [    0.154728] pci_bus 0000:00: root bus resource [mem 0x000e0000-0x000e3fff]
2016-02-26T20:22:10.447528+08:00 linux-9p04 kernel: [    0.154729] pci_bus 0000:00: root bus resource [mem 0x000e4000-0x000e7fff]
2016-02-26T20:22:10.447530+08:00 linux-9p04 kernel: [    0.154731] pci_bus 0000:00: root bus resource [mem 0xc0000000-0xfeafffff]
2016-02-26T20:22:10.447535+08:00 linux-9p04 kernel: [    0.154732] pci_bus 0000:00: root bus resource [mem 0xfed40000-0xfed44fff]
2016-02-26T20:22:10.447538+08:00 linux-9p04 kernel: [    0.154739] pci 0000:00:00.0: [8086:0104] type 00 class 0x060000
2016-02-26T20:22:10.447540+08:00 linux-9p04 kernel: [    0.154838] pci 0000:00:01.0: [8086:0101] type 01 class 0x060400
2016-02-26T20:22:10.447542+08:00 linux-9p04 kernel: [    0.154870] pci 0000:00:01.0: PME# supported from D0 D3hot D3cold
2016-02-26T20:22:10.447544+08:00 linux-9p04 kernel: [    0.154925] pci 0000:00:01.0: System wakeup disabled by ACPI
2016-02-26T20:22:10.447546+08:00 linux-9p04 kernel: [    0.154994] pci 0000:00:16.0: [8086:1c3a] type 00 class 0x078000
2016-02-26T20:22:10.447669+08:00 linux-9p04 kernel: [    0.155018] pci 0000:00:16.0: reg 0x10: [mem 0xdf00a000-0xdf00a00f 64bit]
2016-02-26T20:22:10.447675+08:00 linux-9p04 kernel: [    0.155096] pci 0000:00:16.0: PME# supported from D0 D3hot D3cold
2016-02-26T20:22:10.447678+08:00 linux-9p04 kernel: [    0.155195] pci 0000:00:1a.0: [8086:1c2d] type 00 class 0x0c0320
2016-02-26T20:22:10.447680+08:00 linux-9p04 kernel: [    0.155216] pci 0000:00:1a.0: reg 0x10: [mem 0xdf007000-0xdf0073ff]
2016-02-26T20:22:10.447682+08:00 linux-9p04 kernel: [    0.155305] pci 0000:00:1a.0: PME# supported from D0 D3hot D3cold
2016-02-26T20:22:10.447684+08:00 linux-9p04 kernel: [    0.155377] pci 0000:00:1a.0: System wakeup disabled by ACPI
2016-02-26T20:22:10.447686+08:00 linux-9p04 kernel: [    0.155423] pci 0000:00:1b.0: [8086:1c20] type 00 class 0x040300
2016-02-26T20:22:10.447700+08:00 linux-9p04 kernel: [    0.155440] pci 0000:00:1b.0: reg 0x10: [mem 0xdf000000-0xdf003fff 64bit]
2016-02-26T20:22:10.447707+08:00 linux-9p04 kernel: [    0.155515] pci 0000:00:1b.0: PME# supported from D0 D3hot D3cold
2016-02-26T20:22:10.447711+08:00 linux-9p04 kernel: [    0.155609] pci 0000:00:1c.0: [8086:1c10] type 01 class 0x060400
2016-02-26T20:22:10.447713+08:00 linux-9p04 kernel: [    0.155693] pci 0000:00:1c.0: PME# supported from D0 D3hot D3cold
2016-02-26T20:22:10.447715+08:00 linux-9p04 kernel: [    0.155787] pci 0000:00:1c.1: [8086:1c12] type 01 class 0x060400
2016-02-26T20:22:10.447717+08:00 linux-9p04 kernel: [    0.155870] pci 0000:00:1c.1: PME# supported from D0 D3hot D3cold
2016-02-26T20:22:10.447719+08:00 linux-9p04 kernel: [    0.155973] pci 0000:00:1c.5: [8086:1c1a] type 01 class 0x060400
2016-02-26T20:22:10.447721+08:00 linux-9p04 kernel: [    0.156055] pci 0000:00:1c.5: PME# supported from D0 D3hot D3cold
2016-02-26T20:22:10.447726+08:00 linux-9p04 kernel: [    0.156155] pci 0000:00:1d.0: [8086:1c26] type 00 class 0x0c0320
2016-02-26T20:22:10.447729+08:00 linux-9p04 kernel: [    0.156175] pci 0000:00:1d.0: reg 0x10: [mem 0xdf006000-0xdf0063ff]
2016-02-26T20:22:10.447731+08:00 linux-9p04 kernel: [    0.156266] pci 0000:00:1d.0: PME# supported from D0 D3hot D3cold
2016-02-26T20:22:10.447733+08:00 linux-9p04 kernel: [    0.156337] pci 0000:00:1d.0: System wakeup disabled by ACPI
2016-02-26T20:22:10.447735+08:00 linux-9p04 kernel: [    0.156381] pci 0000:00:1f.0: [8086:1c49] type 00 class 0x060100
2016-02-26T20:22:10.447737+08:00 linux-9p04 kernel: [    0.156567] pci 0000:00:1f.2: [8086:1c01] type 00 class 0x01018f
2016-02-26T20:22:10.447739+08:00 linux-9p04 kernel: [    0.156582] pci 0000:00:1f.2: reg 0x10: [io  0xe0d0-0xe0d7]
2016-02-26T20:22:10.447746+08:00 linux-9p04 kernel: [    0.156590] pci 0000:00:1f.2: reg 0x14: [io  0xe0c0-0xe0c3]
2016-02-26T20:22:10.447749+08:00 linux-9p04 kernel: [    0.156598] pci 0000:00:1f.2: reg 0x18: [io  0xe0b0-0xe0b7]
2016-02-26T20:22:10.447751+08:00 linux-9p04 kernel: [    0.156605] pci 0000:00:1f.2: reg 0x1c: [io  0xe0a0-0xe0a3]
2016-02-26T20:22:10.447753+08:00 linux-9p04 kernel: [    0.156613] pci 0000:00:1f.2: reg 0x20: [io  0xe090-0xe09f]
2016-02-26T20:22:10.447755+08:00 linux-9p04 kernel: [    0.156621] pci 0000:00:1f.2: reg 0x24: [io  0xe080-0xe08f]
2016-02-26T20:22:10.447757+08:00 linux-9p04 kernel: [    0.156732] pci 0000:00:1f.3: [8086:1c22] type 00 class 0x0c0500
2016-02-26T20:22:10.447759+08:00 linux-9p04 kernel: [    0.156748] pci 0000:00:1f.3: reg 0x10: [mem 0xdf005000-0xdf0050ff 64bit]
2016-02-26T20:22:10.447764+08:00 linux-9p04 kernel: [    0.156769] pci 0000:00:1f.3: reg 0x20: [io  0xe000-0xe01f]
2016-02-26T20:22:10.447766+08:00 linux-9p04 kernel: [    0.156869] pci 0000:00:1f.5: [8086:1c09] type 00 class 0x010185
2016-02-26T20:22:10.447769+08:00 linux-9p04 kernel: [    0.156887] pci 0000:00:1f.5: reg 0x10: [io  0xe070-0xe077]
2016-02-26T20:22:10.447771+08:00 linux-9p04 kernel: [    0.156896] pci 0000:00:1f.5: reg 0x14: [io  0xe060-0xe063]
2016-02-26T20:22:10.447773+08:00 linux-9p04 kernel: [    0.156904] pci 0000:00:1f.5: reg 0x18: [io  0xe050-0xe057]
2016-02-26T20:22:10.447775+08:00 linux-9p04 kernel: [    0.156912] pci 0000:00:1f.5: reg 0x1c: [io  0xe040-0xe043]
2016-02-26T20:22:10.447776+08:00 linux-9p04 kernel: [    0.156920] pci 0000:00:1f.5: reg 0x20: [io  0xe030-0xe03f]
2016-02-26T20:22:10.447782+08:00 linux-9p04 kernel: [    0.156927] pci 0000:00:1f.5: reg 0x24: [io  0xe020-0xe02f]
2016-02-26T20:22:10.447784+08:00 linux-9p04 kernel: [    0.157089] pci 0000:01:00.0: [10de:1050] type 00 class 0x030000
2016-02-26T20:22:10.447786+08:00 linux-9p04 kernel: [    0.157099] pci 0000:01:00.0: reg 0x10: [mem 0xdc000000-0xdcffffff]
2016-02-26T20:22:10.447788+08:00 linux-9p04 kernel: [    0.157108] pci 0000:01:00.0: reg 0x14: [mem 0xc0000000-0xcfffffff 64bit pref]
2016-02-26T20:22:10.447790+08:00 linux-9p04 kernel: [    0.157117] pci 0000:01:00.0: reg 0x1c: [mem 0xd0000000-0xd1ffffff 64bit pref]
2016-02-26T20:22:10.447792+08:00 linux-9p04 kernel: [    0.157123] pci 0000:01:00.0: reg 0x24: [io  0xd000-0xd07f]
2016-02-26T20:22:10.447794+08:00 linux-9p04 kernel: [    0.157129] pci 0000:01:00.0: reg 0x30: [mem 0xdd000000-0xdd07ffff pref]
2016-02-26T20:22:10.447800+08:00 linux-9p04 kernel: [    0.157185] pci 0000:01:00.0: System wakeup disabled by ACPI
2016-02-26T20:22:10.447802+08:00 linux-9p04 kernel: [    0.157227] pci 0000:01:00.1: [10de:0e08] type 00 class 0x040300
2016-02-26T20:22:10.447804+08:00 linux-9p04 kernel: [    0.157236] pci 0000:01:00.1: reg 0x10: [mem 0xdd080000-0xdd083fff]
2016-02-26T20:22:10.447806+08:00 linux-9p04 kernel: [    0.159930] pci 0000:00:01.0: PCI bridge to [bus 01]
2016-02-26T20:22:10.447808+08:00 linux-9p04 kernel: [    0.159938] pci 0000:00:01.0:   bridge window [io  0xd000-0xdfff]
2016-02-26T20:22:10.447810+08:00 linux-9p04 kernel: [    0.159945] pci 0000:00:01.0:   bridge window [mem 0xdc000000-0xdd0fffff]
2016-02-26T20:22:10.447812+08:00 linux-9p04 kernel: [    0.159954] pci 0000:00:01.0:   bridge window [mem 0xc0000000-0xd1ffffff 64bit pref]
2016-02-26T20:22:10.447817+08:00 linux-9p04 kernel: [    0.160074] pci 0000:00:1c.0: PCI bridge to [bus 02]
2016-02-26T20:22:10.447820+08:00 linux-9p04 kernel: [    0.160078] pci 0000:00:1c.0:   bridge window [io  0xc000-0xcfff]
2016-02-26T20:22:10.447822+08:00 linux-9p04 kernel: [    0.160082] pci 0000:00:1c.0:   bridge window [mem 0xde600000-0xdeffffff]
2016-02-26T20:22:10.447824+08:00 linux-9p04 kernel: [    0.160088] pci 0000:00:1c.0:   bridge window [mem 0xd3700000-0xd40fffff 64bit pref]
2016-02-26T20:22:10.447826+08:00 linux-9p04 kernel: [    0.160176] pci 0000:03:00.0: [168c:002b] type 00 class 0x028000
2016-02-26T20:22:10.447828+08:00 linux-9p04 kernel: [    0.160207] pci 0000:03:00.0: reg 0x10: [mem 0xddc00000-0xddc0ffff 64bit]
2016-02-26T20:22:10.447830+08:00 linux-9p04 kernel: [    0.160361] pci 0000:03:00.0: supports D1
2016-02-26T20:22:10.447835+08:00 linux-9p04 kernel: [    0.160362] pci 0000:03:00.0: PME# supported from D0 D1 D3hot D3cold
2016-02-26T20:22:10.447838+08:00 linux-9p04 kernel: [    0.160397] pci 0000:03:00.0: System wakeup disabled by ACPI
2016-02-26T20:22:10.447840+08:00 linux-9p04 kernel: [    0.162943] pci 0000:00:1c.1: PCI bridge to [bus 03]
2016-02-26T20:22:10.447842+08:00 linux-9p04 kernel: [    0.162953] pci 0000:00:1c.1:   bridge window [io  0xb000-0xbfff]
2016-02-26T20:22:10.447844+08:00 linux-9p04 kernel: [    0.162962] pci 0000:00:1c.1:   bridge window [mem 0xddc00000-0xde5fffff]
2016-02-26T20:22:10.447846+08:00 linux-9p04 kernel: [    0.162976] pci 0000:00:1c.1:   bridge window [mem 0xd2c00000-0xd35fffff 64bit pref]
2016-02-26T20:22:10.447848+08:00 linux-9p04 kernel: [    0.163123] pci 0000:04:00.0: [10ec:8168] type 00 class 0x020000
2016-02-26T20:22:10.447853+08:00 linux-9p04 kernel: [    0.163147] pci 0000:04:00.0: reg 0x10: [io  0xa000-0xa0ff]
2016-02-26T20:22:10.447856+08:00 linux-9p04 kernel: [    0.163180] pci 0000:04:00.0: reg 0x18: [mem 0xd2104000-0xd2104fff 64bit pref]
2016-02-26T20:22:10.447858+08:00 linux-9p04 kernel: [    0.163201] pci 0000:04:00.0: reg 0x20: [mem 0xd2100000-0xd2103fff 64bit pref]
2016-02-26T20:22:10.447860+08:00 linux-9p04 kernel: [    0.163316] pci 0000:04:00.0: supports D1 D2
2016-02-26T20:22:10.447862+08:00 linux-9p04 kernel: [    0.163317] pci 0000:04:00.0: PME# supported from D0 D1 D2 D3hot D3cold
2016-02-26T20:22:10.447864+08:00 linux-9p04 kernel: [    0.163359] pci 0000:04:00.0: System wakeup disabled by ACPI
2016-02-26T20:22:10.447869+08:00 linux-9p04 kernel: [    0.165962] pci 0000:00:1c.5: PCI bridge to [bus 04]
2016-02-26T20:22:10.447871+08:00 linux-9p04 kernel: [    0.165972] pci 0000:00:1c.5:   bridge window [io  0xa000-0xafff]
2016-02-26T20:22:10.447873+08:00 linux-9p04 kernel: [    0.165982] pci 0000:00:1c.5:   bridge window [mem 0xdd200000-0xddbfffff]
2016-02-26T20:22:10.447875+08:00 linux-9p04 kernel: [    0.165996] pci 0000:00:1c.5:   bridge window [mem 0xd2100000-0xd2afffff 64bit pref]
2016-02-26T20:22:10.447877+08:00 linux-9p04 kernel: [    0.166637] ACPI: PCI Interrupt Link [LNKA] (IRQs 1 3 4 5 6 10 *11 12 14 15)
2016-02-26T20:22:10.447879+08:00 linux-9p04 kernel: [    0.166709] ACPI: PCI Interrupt Link [LNKB] (IRQs 1 3 4 5 6 *10 11 12 14 15)
2016-02-26T20:22:10.447881+08:00 linux-9p04 kernel: [    0.166780] ACPI: PCI Interrupt Link [LNKC] (IRQs 1 3 4 5 6 10 *11 12 14 15)
2016-02-26T20:22:10.447886+08:00 linux-9p04 kernel: [    0.166850] ACPI: PCI Interrupt Link [LNKD] (IRQs 1 3 4 *5 6 10 11 12 14 15)
2016-02-26T20:22:10.447889+08:00 linux-9p04 kernel: [    0.166919] ACPI: PCI Interrupt Link [LNKE] (IRQs 1 3 4 5 6 10 11 12 14 15) *0, disabled.
2016-02-26T20:22:10.447891+08:00 linux-9p04 kernel: [    0.166996] ACPI: PCI Interrupt Link [LNKF] (IRQs 1 3 4 5 6 10 11 12 14 15) *0, disabled.
2016-02-26T20:22:10.447893+08:00 linux-9p04 kernel: [    0.167067] ACPI: PCI Interrupt Link [LNKG] (IRQs 1 *3 4 5 6 10 11 12 14 15)
2016-02-26T20:22:10.447895+08:00 linux-9p04 kernel: [    0.167137] ACPI: PCI Interrupt Link [LNKH] (IRQs 1 3 *4 5 6 10 11 12 14 15)
2016-02-26T20:22:10.447897+08:00 linux-9p04 kernel: [    0.167253] ACPI: Enabled 1 GPEs in block 00 to 3F
2016-02-26T20:22:10.447899+08:00 linux-9p04 kernel: [    0.167301] ACPI : EC: GPE = 0x1b, I/O: command/status = 0x66, data = 0x62
2016-02-26T20:22:10.447904+08:00 linux-9p04 kernel: [    0.167375] vgaarb: setting as boot device: PCI:0000:01:00.0
2016-02-26T20:22:10.447907+08:00 linux-9p04 kernel: [    0.167377] vgaarb: device added: PCI:0000:01:00.0,decodes=io+mem,owns=io+mem,locks=none
2016-02-26T20:22:10.447909+08:00 linux-9p04 kernel: [    0.167378] vgaarb: loaded
2016-02-26T20:22:10.447911+08:00 linux-9p04 kernel: [    0.167379] vgaarb: bridge control possible 0000:01:00.0
2016-02-26T20:22:10.447913+08:00 linux-9p04 kernel: [    0.167457] SCSI subsystem initialized
2016-02-26T20:22:10.447915+08:00 linux-9p04 kernel: [    0.167505] libata version 3.00 loaded.
2016-02-26T20:22:10.447917+08:00 linux-9p04 kernel: [    0.167510] ACPI: bus type USB registered
2016-02-26T20:22:10.447927+08:00 linux-9p04 kernel: [    0.167529] usbcore: registered new interface driver usbfs
2016-02-26T20:22:10.447930+08:00 linux-9p04 kernel: [    0.167540] usbcore: registered new interface driver hub
2016-02-26T20:22:10.447932+08:00 linux-9p04 kernel: [    0.167557] usbcore: registered new device driver usb
2016-02-26T20:22:10.447934+08:00 linux-9p04 kernel: [    0.167654] PCI: Using ACPI for IRQ routing
2016-02-26T20:22:10.447936+08:00 linux-9p04 kernel: [    0.169117] PCI: pci_cache_line_size set to 64 bytes
2016-02-26T20:22:10.447938+08:00 linux-9p04 kernel: [    0.169165] e820: reserve RAM buffer [mem 0x0009fc00-0x0009ffff]
2016-02-26T20:22:10.447940+08:00 linux-9p04 kernel: [    0.169167] e820: reserve RAM buffer [mem 0x20050000-0x23ffffff]
2016-02-26T20:22:10.447945+08:00 linux-9p04 kernel: [    0.169168] e820: reserve RAM buffer [mem 0xbf4da000-0xbfffffff]
2016-02-26T20:22:10.447947+08:00 linux-9p04 kernel: [    0.169170] e820: reserve RAM buffer [mem 0xbf4ee000-0xbfffffff]
2016-02-26T20:22:10.447949+08:00 linux-9p04 kernel: [    0.169172] e820: reserve RAM buffer [mem 0xbf5bb000-0xbfffffff]
2016-02-26T20:22:10.447951+08:00 linux-9p04 kernel: [    0.169173] e820: reserve RAM buffer [mem 0xbf727000-0xbfffffff]
2016-02-26T20:22:10.447954+08:00 linux-9p04 kernel: [    0.169175] e820: reserve RAM buffer [mem 0xbf784000-0xbfffffff]
2016-02-26T20:22:10.447956+08:00 linux-9p04 kernel: [    0.169176] e820: reserve RAM buffer [mem 0xbf7fd000-0xbfffffff]
2016-02-26T20:22:10.447958+08:00 linux-9p04 kernel: [    0.169177] e820: reserve RAM buffer [mem 0x13f800000-0x13fffffff]
2016-02-26T20:22:10.447963+08:00 linux-9p04 kernel: [    0.169289] NetLabel: Initializing
2016-02-26T20:22:10.447965+08:00 linux-9p04 kernel: [    0.169290] NetLabel:  domain hash size = 128
2016-02-26T20:22:10.447967+08:00 linux-9p04 kernel: [    0.169290] NetLabel:  protocols = UNLABELED CIPSOv4
2016-02-26T20:22:10.447969+08:00 linux-9p04 kernel: [    0.169303] NetLabel:  unlabeled traffic allowed by default
2016-02-26T20:22:10.447971+08:00 linux-9p04 kernel: [    0.169333] hpet0: at MMIO 0xfed00000, IRQs 2, 8, 0, 0, 0, 0, 0, 0
2016-02-26T20:22:10.447973+08:00 linux-9p04 kernel: [    0.169337] hpet0: 8 comparators, 64-bit 14.318180 MHz counter
2016-02-26T20:22:10.447975+08:00 linux-9p04 kernel: [    0.171368] Switched to clocksource hpet
2016-02-26T20:22:10.447982+08:00 linux-9p04 kernel: [    0.173800] AppArmor: AppArmor Filesystem Enabled
2016-02-26T20:22:10.447984+08:00 linux-9p04 kernel: [    0.173832] pnp: PnP ACPI init
2016-02-26T20:22:10.447986+08:00 linux-9p04 kernel: [    0.173965] system 00:00: [io  0x0680-0x069f] has been reserved
2016-02-26T20:22:10.448106+08:00 linux-9p04 kernel: [    0.173968] system 00:00: [io  0x1000-0x100f] has been reserved
2016-02-26T20:22:10.448108+08:00 linux-9p04 kernel: [    0.173970] system 00:00: [io  0xffff] has been reserved
2016-02-26T20:22:10.448111+08:00 linux-9p04 kernel: [    0.173971] system 00:00: [io  0xffff] has been reserved
2016-02-26T20:22:10.448113+08:00 linux-9p04 kernel: [    0.173973] system 00:00: [io  0x0400-0x0453] could not be reserved
2016-02-26T20:22:10.448118+08:00 linux-9p04 kernel: [    0.173975] system 00:00: [io  0x0458-0x047f] has been reserved
2016-02-26T20:22:10.448121+08:00 linux-9p04 kernel: [    0.173977] system 00:00: [io  0x0500-0x057f] has been reserved
2016-02-26T20:22:10.448123+08:00 linux-9p04 kernel: [    0.173978] system 00:00: [io  0x164e-0x164f] has been reserved
2016-02-26T20:22:10.448125+08:00 linux-9p04 kernel: [    0.173981] system 00:00: Plug and Play ACPI device, IDs PNP0c02 (active)
2016-02-26T20:22:10.448127+08:00 linux-9p04 kernel: [    0.174016] pnp 00:01: Plug and Play ACPI device, IDs PNP0b00 (active)
2016-02-26T20:22:10.448129+08:00 linux-9p04 kernel: [    0.174062] system 00:02: [io  0x0454-0x0457] has been reserved
2016-02-26T20:22:10.448131+08:00 linux-9p04 kernel: [    0.174065] system 00:02: Plug and Play ACPI device, IDs INT3f0d PNP0c02 (active)
2016-02-26T20:22:10.448136+08:00 linux-9p04 kernel: [    0.174117] pnp 00:03: Plug and Play ACPI device, IDs PNP0303 PNP030b (active)
2016-02-26T20:22:10.448138+08:00 linux-9p04 kernel: [    0.174183] pnp 00:04: Plug and Play ACPI device, IDs ETD0101 PNP0f0e PNP0f03 PNP0f12 PNP0f0b (active)
2016-02-26T20:22:10.448141+08:00 linux-9p04 kernel: [    0.174479] system 00:05: [mem 0xfed1c000-0xfed1ffff] has been reserved
2016-02-26T20:22:10.448143+08:00 linux-9p04 kernel: [    0.174482] system 00:05: [mem 0xfed10000-0xfed17fff] could not be reserved
2016-02-26T20:22:10.448145+08:00 linux-9p04 kernel: [    0.174483] system 00:05: [mem 0xfed18000-0xfed18fff] has been reserved
2016-02-26T20:22:10.448147+08:00 linux-9p04 kernel: [    0.174485] system 00:05: [mem 0xfed19000-0xfed19fff] has been reserved
2016-02-26T20:22:10.448148+08:00 linux-9p04 kernel: [    0.174487] system 00:05: [mem 0xe0000000-0xe3ffffff] has been reserved
2016-02-26T20:22:10.448153+08:00 linux-9p04 kernel: [    0.174489] system 00:05: [mem 0xfed20000-0xfed3ffff] has been reserved
2016-02-26T20:22:10.448156+08:00 linux-9p04 kernel: [    0.174490] system 00:05: [mem 0xfed90000-0xfed93fff] could not be reserved
2016-02-26T20:22:10.448158+08:00 linux-9p04 kernel: [    0.174492] system 00:05: [mem 0xfed45000-0xfed8ffff] has been reserved
2016-02-26T20:22:10.448160+08:00 linux-9p04 kernel: [    0.174494] system 00:05: [mem 0xff000000-0xffffffff] could not be reserved
2016-02-26T20:22:10.448162+08:00 linux-9p04 kernel: [    0.174496] system 00:05: [mem 0xfee00000-0xfeefffff] could not be reserved
2016-02-26T20:22:10.448164+08:00 linux-9p04 kernel: [    0.174497] system 00:05: [mem 0xd4100000-0xd4100fff] has been reserved
2016-02-26T20:22:10.448169+08:00 linux-9p04 kernel: [    0.174499] system 00:05: Plug and Play ACPI device, IDs PNP0c02 (active)
2016-02-26T20:22:10.448171+08:00 linux-9p04 kernel: [    0.174577] system 00:06: [mem 0xd4100000-0xd4100fff] has been reserved
2016-02-26T20:22:10.448174+08:00 linux-9p04 kernel: [    0.174579] system 00:06: Plug and Play ACPI device, IDs PNP0c02 (active)
2016-02-26T20:22:10.448176+08:00 linux-9p04 kernel: [    0.174711] pnp: PnP ACPI: found 7 devices
2016-02-26T20:22:10.448178+08:00 linux-9p04 kernel: [    0.181179] pci 0000:00:01.0: PCI bridge to [bus 01]
2016-02-26T20:22:10.448180+08:00 linux-9p04 kernel: [    0.181182] pci 0000:00:01.0:   bridge window [io  0xd000-0xdfff]
2016-02-26T20:22:10.448182+08:00 linux-9p04 kernel: [    0.181184] pci 0000:00:01.0:   bridge window [mem 0xdc000000-0xdd0fffff]
2016-02-26T20:22:10.448187+08:00 linux-9p04 kernel: [    0.181187] pci 0000:00:01.0:   bridge window [mem 0xc0000000-0xd1ffffff 64bit pref]
2016-02-26T20:22:10.448189+08:00 linux-9p04 kernel: [    0.181190] pci 0000:00:1c.0: PCI bridge to [bus 02]
2016-02-26T20:22:10.448191+08:00 linux-9p04 kernel: [    0.181192] pci 0000:00:1c.0:   bridge window [io  0xc000-0xcfff]
2016-02-26T20:22:10.448193+08:00 linux-9p04 kernel: [    0.181197] pci 0000:00:1c.0:   bridge window [mem 0xde600000-0xdeffffff]
2016-02-26T20:22:10.448195+08:00 linux-9p04 kernel: [    0.181201] pci 0000:00:1c.0:   bridge window [mem 0xd3700000-0xd40fffff 64bit pref]
2016-02-26T20:22:10.448197+08:00 linux-9p04 kernel: [    0.181207] pci 0000:00:1c.1: PCI bridge to [bus 03]
2016-02-26T20:22:10.448199+08:00 linux-9p04 kernel: [    0.181210] pci 0000:00:1c.1:   bridge window [io  0xb000-0xbfff]
2016-02-26T20:22:10.448204+08:00 linux-9p04 kernel: [    0.181215] pci 0000:00:1c.1:   bridge window [mem 0xddc00000-0xde5fffff]
2016-02-26T20:22:10.448207+08:00 linux-9p04 kernel: [    0.181219] pci 0000:00:1c.1:   bridge window [mem 0xd2c00000-0xd35fffff 64bit pref]
2016-02-26T20:22:10.448209+08:00 linux-9p04 kernel: [    0.181225] pci 0000:00:1c.5: PCI bridge to [bus 04]
2016-02-26T20:22:10.448211+08:00 linux-9p04 kernel: [    0.181228] pci 0000:00:1c.5:   bridge window [io  0xa000-0xafff]
2016-02-26T20:22:10.448213+08:00 linux-9p04 kernel: [    0.181233] pci 0000:00:1c.5:   bridge window [mem 0xdd200000-0xddbfffff]
2016-02-26T20:22:10.448215+08:00 linux-9p04 kernel: [    0.181237] pci 0000:00:1c.5:   bridge window [mem 0xd2100000-0xd2afffff 64bit pref]
2016-02-26T20:22:10.448217+08:00 linux-9p04 kernel: [    0.181244] pci_bus 0000:00: resource 4 [io  0x0000-0x0cf7]
2016-02-26T20:22:10.448222+08:00 linux-9p04 kernel: [    0.181245] pci_bus 0000:00: resource 5 [io  0x0d00-0xffff]
2016-02-26T20:22:10.448225+08:00 linux-9p04 kernel: [    0.181247] pci_bus 0000:00: resource 6 [mem 0x000a0000-0x000bffff]
2016-02-26T20:22:10.448227+08:00 linux-9p04 kernel: [    0.181248] pci_bus 0000:00: resource 7 [mem 0x000d0000-0x000d3fff]
2016-02-26T20:22:10.448229+08:00 linux-9p04 kernel: [    0.181250] pci_bus 0000:00: resource 8 [mem 0x000d4000-0x000d7fff]
2016-02-26T20:22:10.448231+08:00 linux-9p04 kernel: [    0.181251] pci_bus 0000:00: resource 9 [mem 0x000d8000-0x000dbfff]
2016-02-26T20:22:10.448233+08:00 linux-9p04 kernel: [    0.181252] pci_bus 0000:00: resource 10 [mem 0x000dc000-0x000dffff]
2016-02-26T20:22:10.448235+08:00 linux-9p04 kernel: [    0.181254] pci_bus 0000:00: resource 11 [mem 0x000e0000-0x000e3fff]
2016-02-26T20:22:10.448240+08:00 linux-9p04 kernel: [    0.181255] pci_bus 0000:00: resource 12 [mem 0x000e4000-0x000e7fff]
2016-02-26T20:22:10.448242+08:00 linux-9p04 kernel: [    0.181256] pci_bus 0000:00: resource 13 [mem 0xc0000000-0xfeafffff]
2016-02-26T20:22:10.448244+08:00 linux-9p04 kernel: [    0.181258] pci_bus 0000:00: resource 14 [mem 0xfed40000-0xfed44fff]
2016-02-26T20:22:10.448246+08:00 linux-9p04 kernel: [    0.181259] pci_bus 0000:01: resource 0 [io  0xd000-0xdfff]
2016-02-26T20:22:10.448248+08:00 linux-9p04 kernel: [    0.181261] pci_bus 0000:01: resource 1 [mem 0xdc000000-0xdd0fffff]
2016-02-26T20:22:10.448250+08:00 linux-9p04 kernel: [    0.181262] pci_bus 0000:01: resource 2 [mem 0xc0000000-0xd1ffffff 64bit pref]
2016-02-26T20:22:10.448252+08:00 linux-9p04 kernel: [    0.181264] pci_bus 0000:02: resource 0 [io  0xc000-0xcfff]
2016-02-26T20:22:10.448257+08:00 linux-9p04 kernel: [    0.181265] pci_bus 0000:02: resource 1 [mem 0xde600000-0xdeffffff]
2016-02-26T20:22:10.448260+08:00 linux-9p04 kernel: [    0.181266] pci_bus 0000:02: resource 2 [mem 0xd3700000-0xd40fffff 64bit pref]
2016-02-26T20:22:10.448262+08:00 linux-9p04 kernel: [    0.181268] pci_bus 0000:03: resource 0 [io  0xb000-0xbfff]
2016-02-26T20:22:10.448264+08:00 linux-9p04 kernel: [    0.181269] pci_bus 0000:03: resource 1 [mem 0xddc00000-0xde5fffff]
2016-02-26T20:22:10.448266+08:00 linux-9p04 kernel: [    0.181270] pci_bus 0000:03: resource 2 [mem 0xd2c00000-0xd35fffff 64bit pref]
2016-02-26T20:22:10.448268+08:00 linux-9p04 kernel: [    0.181272] pci_bus 0000:04: resource 0 [io  0xa000-0xafff]
2016-02-26T20:22:10.448270+08:00 linux-9p04 kernel: [    0.181273] pci_bus 0000:04: resource 1 [mem 0xdd200000-0xddbfffff]
2016-02-26T20:22:10.448275+08:00 linux-9p04 kernel: [    0.181275] pci_bus 0000:04: resource 2 [mem 0xd2100000-0xd2afffff 64bit pref]
2016-02-26T20:22:10.448277+08:00 linux-9p04 kernel: [    0.181328] NET: Registered protocol family 2
2016-02-26T20:22:10.448279+08:00 linux-9p04 kernel: [    0.181539] TCP established hash table entries: 32768 (order: 6, 262144 bytes)
2016-02-26T20:22:10.448281+08:00 linux-9p04 kernel: [    0.181618] TCP bind hash table entries: 32768 (order: 7, 524288 bytes)
2016-02-26T20:22:10.448283+08:00 linux-9p04 kernel: [    0.181712] TCP: Hash tables configured (established 32768 bind 32768)
2016-02-26T20:22:10.448285+08:00 linux-9p04 kernel: [    0.181731] TCP: reno registered
2016-02-26T20:22:10.448287+08:00 linux-9p04 kernel: [    0.181738] UDP hash table entries: 2048 (order: 4, 65536 bytes)
2016-02-26T20:22:10.448292+08:00 linux-9p04 kernel: [    0.181754] UDP-Lite hash table entries: 2048 (order: 4, 65536 bytes)
2016-02-26T20:22:10.448294+08:00 linux-9p04 kernel: [    0.181822] NET: Registered protocol family 1
2016-02-26T20:22:10.448297+08:00 linux-9p04 kernel: [    0.427889] pci 0000:01:00.0: Video device with shadowed ROM
2016-02-26T20:22:10.448299+08:00 linux-9p04 kernel: [    0.427904] PCI: CLS 64 bytes, default 64
2016-02-26T20:22:10.448301+08:00 linux-9p04 kernel: [    0.427952] Unpacking initramfs...
2016-02-26T20:22:10.448303+08:00 linux-9p04 kernel: [    1.032762] Freeing initrd memory: 52308K (ffff8800319c6000 - ffff880034cdb000)
2016-02-26T20:22:10.448305+08:00 linux-9p04 kernel: [    1.032790] PCI-DMA: Using software bounce buffering for IO (SWIOTLB)
2016-02-26T20:22:10.448309+08:00 linux-9p04 kernel: [    1.032792] software IO TLB [mem 0xbb4da000-0xbf4da000] (64MB) mapped at [ffff8800bb4da000-ffff8800bf4d9fff]
2016-02-26T20:22:10.448312+08:00 linux-9p04 kernel: [    1.033014] RAPL PMU detected, hw unit 2^-16 Joules, API unit is 2^-32 Joules, 3 fixed counters 163840 ms ovfl timer
2016-02-26T20:22:10.448314+08:00 linux-9p04 kernel: [    1.033066] microcode: CPU0 sig=0x206a7, pf=0x10, revision=0x1b
2016-02-26T20:22:10.448316+08:00 linux-9p04 kernel: [    1.033076] microcode: CPU1 sig=0x206a7, pf=0x10, revision=0x1b
2016-02-26T20:22:10.448318+08:00 linux-9p04 kernel: [    1.033081] microcode: CPU2 sig=0x206a7, pf=0x10, revision=0x1b
2016-02-26T20:22:10.448320+08:00 linux-9p04 kernel: [    1.033087] microcode: CPU3 sig=0x206a7, pf=0x10, revision=0x1b
2016-02-26T20:22:10.448325+08:00 linux-9p04 kernel: [    1.033151] microcode: Microcode Update Driver: v2.00 <tigran@aivazian.fsnet.co.uk>, Peter Oruba
2016-02-26T20:22:10.448328+08:00 linux-9p04 kernel: [    1.033301] Scanning for low memory corruption every 60 seconds
2016-02-26T20:22:10.448330+08:00 linux-9p04 kernel: [    1.033729] futex hash table entries: 4096 (order: 6, 262144 bytes)
2016-02-26T20:22:10.448332+08:00 linux-9p04 kernel: [    1.033805] audit: initializing netlink subsys (disabled)
2016-02-26T20:22:10.448334+08:00 linux-9p04 kernel: [    1.033825] audit: type=2000 audit(1456518106.000:1): initialized
2016-02-26T20:22:10.448336+08:00 linux-9p04 kernel: [    1.034129] HugeTLB registered 2 MB page size, pre-allocated 0 pages
2016-02-26T20:22:10.448338+08:00 linux-9p04 kernel: [    1.034161] zpool: loaded
2016-02-26T20:22:10.448344+08:00 linux-9p04 kernel: [    1.034164] zbud: loaded
2016-02-26T20:22:10.448347+08:00 linux-9p04 kernel: [    1.034323] VFS: Disk quotas dquot_6.5.2
2016-02-26T20:22:10.448349+08:00 linux-9p04 kernel: [    1.034347] Dquot-cache hash table entries: 512 (order 0, 4096 bytes)
2016-02-26T20:22:10.448351+08:00 linux-9p04 kernel: [    1.034538] msgmni has been set to 7870
2016-02-26T20:22:10.448353+08:00 linux-9p04 kernel: [    1.034824] Block layer SCSI generic (bsg) driver version 0.4 loaded (major 252)
2016-02-26T20:22:10.448355+08:00 linux-9p04 kernel: [    1.034866] io scheduler noop registered
2016-02-26T20:22:10.448357+08:00 linux-9p04 kernel: [    1.034870] io scheduler deadline registered
2016-02-26T20:22:10.448362+08:00 linux-9p04 kernel: [    1.034886] io scheduler cfq registered (default)
2016-02-26T20:22:10.448364+08:00 linux-9p04 kernel: [    1.035079] pcieport 0000:00:01.0: irq 25 for MSI/MSI-X
2016-02-26T20:22:10.448367+08:00 linux-9p04 kernel: [    1.035494] pci_hotplug: PCI Hot Plug PCI Core version: 0.5
2016-02-26T20:22:10.448369+08:00 linux-9p04 kernel: [    1.035509] pciehp: PCI Express Hot Plug Controller Driver version: 0.4
2016-02-26T20:22:10.448371+08:00 linux-9p04 kernel: [    1.035551] intel_idle: MWAIT substates: 0x21120
2016-02-26T20:22:10.448373+08:00 linux-9p04 kernel: [    1.035552] intel_idle: v0.4 model 0x2A
2016-02-26T20:22:10.448375+08:00 linux-9p04 kernel: [    1.035553] intel_idle: lapic_timer_reliable_states 0xffffffff
2016-02-26T20:22:10.448380+08:00 linux-9p04 kernel: [    1.035748] GHES: HEST is not enabled!
2016-02-26T20:22:10.448382+08:00 linux-9p04 kernel: [    1.035794] Serial: 8250/16550 driver, 32 ports, IRQ sharing disabled
2016-02-26T20:22:10.448384+08:00 linux-9p04 kernel: [    1.037379] Non-volatile memory driver v1.3
2016-02-26T20:22:10.448386+08:00 linux-9p04 kernel: [    1.037383] Linux agpgart interface v0.103
2016-02-26T20:22:10.448388+08:00 linux-9p04 kernel: [    1.037500] ehci_hcd: USB 2.0 'Enhanced' Host Controller (EHCI) Driver
2016-02-26T20:22:10.448390+08:00 linux-9p04 kernel: [    1.037506] ehci-pci: EHCI PCI platform driver
2016-02-26T20:22:10.448502+08:00 linux-9p04 kernel: [    1.037603] ehci-pci 0000:00:1a.0: EHCI Host Controller
2016-02-26T20:22:10.448506+08:00 linux-9p04 kernel: [    1.037609] ehci-pci 0000:00:1a.0: new USB bus registered, assigned bus number 1
2016-02-26T20:22:10.448508+08:00 linux-9p04 kernel: [    1.037622] ehci-pci 0000:00:1a.0: debug port 2
2016-02-26T20:22:10.448509+08:00 linux-9p04 kernel: [    1.041515] ehci-pci 0000:00:1a.0: cache line size of 64 is not supported
2016-02-26T20:22:10.448511+08:00 linux-9p04 kernel: [    1.041531] ehci-pci 0000:00:1a.0: irq 16, io mem 0xdf007000
2016-02-26T20:22:10.448521+08:00 linux-9p04 kernel: [    1.047470] ehci-pci 0000:00:1a.0: USB 2.0 started, EHCI 1.00
2016-02-26T20:22:10.448524+08:00 linux-9p04 kernel: [    1.047511] usb usb1: New USB device found, idVendor=1d6b, idProduct=0002
2016-02-26T20:22:10.448526+08:00 linux-9p04 kernel: [    1.047513] usb usb1: New USB device strings: Mfr=3, Product=2, SerialNumber=1
2016-02-26T20:22:10.448531+08:00 linux-9p04 kernel: [    1.047514] usb usb1: Product: EHCI Host Controller
2016-02-26T20:22:10.448533+08:00 linux-9p04 kernel: [    1.047515] usb usb1: Manufacturer: Linux 3.18.16-29-desktop ehci_hcd
2016-02-26T20:22:10.448535+08:00 linux-9p04 kernel: [    1.047517] usb usb1: SerialNumber: 0000:00:1a.0
2016-02-26T20:22:10.448537+08:00 linux-9p04 kernel: [    1.047625] hub 1-0:1.0: USB hub found
2016-02-26T20:22:10.448539+08:00 linux-9p04 kernel: [    1.047632] hub 1-0:1.0: 2 ports detected
2016-02-26T20:22:10.448541+08:00 linux-9p04 kernel: [    1.047837] ehci-pci 0000:00:1d.0: EHCI Host Controller
2016-02-26T20:22:10.448543+08:00 linux-9p04 kernel: [    1.047841] ehci-pci 0000:00:1d.0: new USB bus registered, assigned bus number 2
2016-02-26T20:22:10.448548+08:00 linux-9p04 kernel: [    1.047853] ehci-pci 0000:00:1d.0: debug port 2
2016-02-26T20:22:10.448551+08:00 linux-9p04 kernel: [    1.051750] ehci-pci 0000:00:1d.0: cache line size of 64 is not supported
2016-02-26T20:22:10.448553+08:00 linux-9p04 kernel: [    1.051762] ehci-pci 0000:00:1d.0: irq 23, io mem 0xdf006000
2016-02-26T20:22:10.448555+08:00 linux-9p04 kernel: [    1.057478] ehci-pci 0000:00:1d.0: USB 2.0 started, EHCI 1.00
2016-02-26T20:22:10.448557+08:00 linux-9p04 kernel: [    1.057509] usb usb2: New USB device found, idVendor=1d6b, idProduct=0002
2016-02-26T20:22:10.448559+08:00 linux-9p04 kernel: [    1.057511] usb usb2: New USB device strings: Mfr=3, Product=2, SerialNumber=1
2016-02-26T20:22:10.448561+08:00 linux-9p04 kernel: [    1.057512] usb usb2: Product: EHCI Host Controller
2016-02-26T20:22:10.448566+08:00 linux-9p04 kernel: [    1.057513] usb usb2: Manufacturer: Linux 3.18.16-29-desktop ehci_hcd
2016-02-26T20:22:10.448569+08:00 linux-9p04 kernel: [    1.057515] usb usb2: SerialNumber: 0000:00:1d.0
2016-02-26T20:22:10.448571+08:00 linux-9p04 kernel: [    1.057649] hub 2-0:1.0: USB hub found
2016-02-26T20:22:10.448573+08:00 linux-9p04 kernel: [    1.057654] hub 2-0:1.0: 2 ports detected
2016-02-26T20:22:10.448575+08:00 linux-9p04 kernel: [    1.057746] ohci_hcd: USB 1.1 'Open' Host Controller (OHCI) Driver
2016-02-26T20:22:10.448577+08:00 linux-9p04 kernel: [    1.057750] uhci_hcd: USB Universal Host Controller Interface driver
2016-02-26T20:22:10.448579+08:00 linux-9p04 kernel: [    1.057791] i8042: PNP: PS/2 Controller [PNP0303:PS2K,PNP0f03:PS2M] at 0x60,0x64 irq 1,12
2016-02-26T20:22:10.448584+08:00 linux-9p04 kernel: [    1.059663] i8042: Detected active multiplexing controller, rev 1.1
2016-02-26T20:22:10.448586+08:00 linux-9p04 kernel: [    1.060491] serio: i8042 KBD port at 0x60,0x64 irq 1
2016-02-26T20:22:10.448588+08:00 linux-9p04 kernel: [    1.060519] serio: i8042 AUX0 port at 0x60,0x64 irq 12
2016-02-26T20:22:10.448590+08:00 linux-9p04 kernel: [    1.060540] serio: i8042 AUX1 port at 0x60,0x64 irq 12
2016-02-26T20:22:10.448592+08:00 linux-9p04 kernel: [    1.060559] serio: i8042 AUX2 port at 0x60,0x64 irq 12
2016-02-26T20:22:10.448594+08:00 linux-9p04 kernel: [    1.060578] serio: i8042 AUX3 port at 0x60,0x64 irq 12
2016-02-26T20:22:10.448596+08:00 linux-9p04 kernel: [    1.060737] mousedev: PS/2 mouse device common for all mice
2016-02-26T20:22:10.448601+08:00 linux-9p04 kernel: [    1.060844] rtc_cmos 00:01: RTC can wake from S4
2016-02-26T20:22:10.448604+08:00 linux-9p04 kernel: [    1.061019] rtc_cmos 00:01: rtc core: registered rtc_cmos as rtc0
2016-02-26T20:22:10.448606+08:00 linux-9p04 kernel: [    1.061046] rtc_cmos 00:01: alarms up to one year, y3k, 242 bytes nvram, hpet irqs
2016-02-26T20:22:10.448608+08:00 linux-9p04 kernel: [    1.061058] Intel P-state driver initializing.
2016-02-26T20:22:10.448610+08:00 linux-9p04 kernel: [    1.061276] ledtrig-cpu: registered to indicate activity on CPUs
2016-02-26T20:22:10.448612+08:00 linux-9p04 kernel: [    1.061325] hidraw: raw HID events driver (C) Jiri Kosina
2016-02-26T20:22:10.448617+08:00 linux-9p04 kernel: [    1.061650] usbcore: registered new interface driver usbhid
2016-02-26T20:22:10.448619+08:00 linux-9p04 kernel: [    1.061654] usbhid: USB HID core driver
2016-02-26T20:22:10.448621+08:00 linux-9p04 kernel: [    1.061811] TCP: cubic registered
2016-02-26T20:22:10.448623+08:00 linux-9p04 kernel: [    1.061955] NET: Registered protocol family 10
2016-02-26T20:22:10.448625+08:00 linux-9p04 kernel: [    1.062538] Key type dns_resolver registered
2016-02-26T20:22:10.448627+08:00 linux-9p04 kernel: [    1.063563] registered taskstats version 1
2016-02-26T20:22:10.448629+08:00 linux-9p04 kernel: [    1.063717] AppArmor: AppArmor sha1 policy hashing enabled
2016-02-26T20:22:10.448634+08:00 linux-9p04 kernel: [    1.064657]   Magic number: 4:873:397
2016-02-26T20:22:10.448637+08:00 linux-9p04 kernel: [    1.064691] mem random: hash matches
2016-02-26T20:22:10.448639+08:00 linux-9p04 kernel: [    1.064812] rtc_cmos 00:01: setting system clock to 2016-02-26 20:21:46 UTC (1456518106)
2016-02-26T20:22:10.448641+08:00 linux-9p04 kernel: [    1.065121] PM: Checking hibernation image partition /dev/disk/by-id/ata-Hitachi_HTS547575A9E384_J1140021DU7GYJ-part5
2016-02-26T20:22:10.448643+08:00 linux-9p04 kernel: [    1.097405] input: AT Translated Set 2 keyboard as /devices/platform/i8042/serio0/input/input0
2016-02-26T20:22:10.448645+08:00 linux-9p04 kernel: [    1.349910] usb 1-1: new high-speed USB device number 2 using ehci-pci
2016-02-26T20:22:10.448647+08:00 linux-9p04 kernel: [    1.359942] usb 2-1: new high-speed USB device number 2 using ehci-pci
2016-02-26T20:22:10.448652+08:00 linux-9p04 kernel: [    1.464422] usb 1-1: New USB device found, idVendor=8087, idProduct=0024
2016-02-26T20:22:10.448654+08:00 linux-9p04 kernel: [    1.464431] usb 1-1: New USB device strings: Mfr=0, Product=0, SerialNumber=0
2016-02-26T20:22:10.448657+08:00 linux-9p04 kernel: [    1.464890] hub 1-1:1.0: USB hub found
2016-02-26T20:22:10.448659+08:00 linux-9p04 kernel: [    1.465049] hub 1-1:1.0: 6 ports detected
2016-02-26T20:22:10.448661+08:00 linux-9p04 kernel: [    1.474437] usb 2-1: New USB device found, idVendor=8087, idProduct=0024
2016-02-26T20:22:10.448662+08:00 linux-9p04 kernel: [    1.474447] usb 2-1: New USB device strings: Mfr=0, Product=0, SerialNumber=0
2016-02-26T20:22:10.448664+08:00 linux-9p04 kernel: [    1.474907] hub 2-1:1.0: USB hub found
2016-02-26T20:22:10.448669+08:00 linux-9p04 kernel: [    1.475065] hub 2-1:1.0: 6 ports detected
2016-02-26T20:22:10.448672+08:00 linux-9p04 kernel: [    1.740470] usb 1-1.2: new high-speed USB device number 3 using ehci-pci
2016-02-26T20:22:10.448674+08:00 linux-9p04 kernel: [    1.749476] usb 2-1.2: new full-speed USB device number 3 using ehci-pci
2016-02-26T20:22:10.448676+08:00 linux-9p04 kernel: [    1.838088] usb 2-1.2: New USB device found, idVendor=046d, idProduct=c52f
2016-02-26T20:22:10.448678+08:00 linux-9p04 kernel: [    1.838106] usb 2-1.2: New USB device strings: Mfr=1, Product=2, SerialNumber=0
2016-02-26T20:22:10.448680+08:00 linux-9p04 kernel: [    1.838110] usb 2-1.2: Product: USB Receiver
2016-02-26T20:22:10.448682+08:00 linux-9p04 kernel: [    1.838114] usb 2-1.2: Manufacturer: Logitech
2016-02-26T20:22:10.448687+08:00 linux-9p04 kernel: [    1.840709] input: Logitech USB Receiver as /devices/pci0000:00/0000:00:1d.0/usb2/2-1/2-1.2/2-1.2:1.0/0003:046D:C52F.0001/input/input9
2016-02-26T20:22:10.448701+08:00 linux-9p04 kernel: [    1.840936] hid-generic 0003:046D:C52F.0001: input,hidraw0: USB HID v1.11 Mouse [Logitech USB Receiver] on usb-0000:00:1d.0-1.2/input0
2016-02-26T20:22:10.448706+08:00 linux-9p04 kernel: [    1.843602] input: Logitech USB Receiver as /devices/pci0000:00/0000:00:1d.0/usb2/2-1/2-1.2/2-1.2:1.1/0003:046D:C52F.0002/input/input10
2016-02-26T20:22:10.448711+08:00 linux-9p04 kernel: [    1.843929] hid-generic 0003:046D:C52F.0002: input,hiddev0,hidraw1: USB HID v1.11 Device [Logitech USB Receiver] on usb-0000:00:1d.0-1.2/input1
2016-02-26T20:22:10.448716+08:00 linux-9p04 kernel: [    1.940507] usb 1-1.2: New USB device found, idVendor=13d3, idProduct=5205
2016-02-26T20:22:10.448720+08:00 linux-9p04 kernel: [    1.940516] usb 1-1.2: New USB device strings: Mfr=3, Product=1, SerialNumber=2
2016-02-26T20:22:10.448737+08:00 linux-9p04 kernel: [    1.940521] usb 1-1.2: Product: USB2.0 UVC 2M WebCam
2016-02-26T20:22:10.448742+08:00 linux-9p04 kernel: [    1.940525] usb 1-1.2: Manufacturer: Azurewave
2016-02-26T20:22:10.448753+08:00 linux-9p04 kernel: [    1.940529] usb 1-1.2: SerialNumber: 0x0001
2016-02-26T20:22:10.448754+08:00 linux-9p04 kernel: [    2.019853] usb 1-1.4: new high-speed USB device number 4 using ehci-pci
2016-02-26T20:22:10.448756+08:00 linux-9p04 kernel: [    2.036771] tsc: Refined TSC clocksource calibration: 2793.653 MHz
2016-02-26T20:22:10.448757+08:00 linux-9p04 kernel: [    2.083104] psmouse serio4: elantech: assuming hardware version 3 (with firmware version 0x450f01)
2016-02-26T20:22:10.448761+08:00 linux-9p04 kernel: [    2.095229] psmouse serio4: elantech: Synaptics capabilities query result 0x78, 0x15, 0x0c.
2016-02-26T20:22:10.448763+08:00 linux-9p04 kernel: [    2.106791] usb 1-1.4: New USB device found, idVendor=0bda, idProduct=0139
2016-02-26T20:22:10.448764+08:00 linux-9p04 kernel: [    2.106800] usb 1-1.4: New USB device strings: Mfr=1, Product=2, SerialNumber=3
2016-02-26T20:22:10.448766+08:00 linux-9p04 kernel: [    2.106805] usb 1-1.4: Product: USB2.0-CRW
2016-02-26T20:22:10.448767+08:00 linux-9p04 kernel: [    2.106810] usb 1-1.4: Manufacturer: Generic
2016-02-26T20:22:10.448769+08:00 linux-9p04 kernel: [    2.106813] usb 1-1.4: SerialNumber: 20100201396000000
2016-02-26T20:22:10.448770+08:00 linux-9p04 kernel: [    2.155335] input: ETPS/2 Elantech Touchpad as /devices/platform/i8042/serio4/input/input8
2016-02-26T20:22:10.448774+08:00 linux-9p04 kernel: [    2.158295] PM: Hibernation image not present or could not be loaded.
2016-02-26T20:22:10.448777+08:00 linux-9p04 kernel: [    2.162254] Freeing unused kernel memory: 1332K (ffffffff81cdc000 - ffffffff81e29000)
2016-02-26T20:22:10.448780+08:00 linux-9p04 kernel: [    2.162259] Write protecting the kernel read-only data: 12288k
2016-02-26T20:22:10.448783+08:00 linux-9p04 kernel: [    2.173256] Freeing unused kernel memory: 1740K (ffff88000164d000 - ffff880001800000)
2016-02-26T20:22:10.448786+08:00 linux-9p04 kernel: [    2.179771] Freeing unused kernel memory: 1140K (ffff880001ae3000 - ffff880001c00000)
2016-02-26T20:22:10.448789+08:00 linux-9p04 kernel: [    2.181091] usb 1-1.5: new full-speed USB device number 5 using ehci-pci
2016-02-26T20:22:10.448791+08:00 linux-9p04 kernel: [    2.245912] hp_sw: device handler registered
2016-02-26T20:22:10.448798+08:00 linux-9p04 kernel: [    2.248035] alua: device handler registered
2016-02-26T20:22:10.448800+08:00 linux-9p04 kernel: [    2.250087] rdac: device handler registered
2016-02-26T20:22:10.448801+08:00 linux-9p04 kernel: [    2.252157] emc: device handler registered
2016-02-26T20:22:10.448803+08:00 linux-9p04 kernel: [    2.270474] usb 1-1.5: New USB device found, idVendor=0b05, idProduct=1788
2016-02-26T20:22:10.448804+08:00 linux-9p04 kernel: [    2.270481] usb 1-1.5: New USB device strings: Mfr=1, Product=2, SerialNumber=3
2016-02-26T20:22:10.448806+08:00 linux-9p04 kernel: [    2.270485] usb 1-1.5: Product: BT-270
2016-02-26T20:22:10.448817+08:00 linux-9p04 kernel: [    2.270489] usb 1-1.5: Manufacturer: Broadcom Corp
2016-02-26T20:22:10.448823+08:00 linux-9p04 kernel: [    2.270493] usb 1-1.5: SerialNumber: 74F06DDBA744
2016-02-26T20:22:10.448825+08:00 linux-9p04 kernel: [    2.274113] input: Lid Switch as /devices/LNXSYSTM:00/LNXSYBUS:00/PNP0C0D:00/input/input11
2016-02-26T20:22:10.448827+08:00 linux-9p04 kernel: [    2.275791] ACPI: Lid Switch [LID]
2016-02-26T20:22:10.448830+08:00 linux-9p04 kernel: [    2.275930] input: Sleep Button as /devices/LNXSYSTM:00/LNXSYBUS:00/PNP0C0E:00/input/input12
2016-02-26T20:22:10.448832+08:00 linux-9p04 kernel: [    2.276214] ACPI: Sleep Button [SLPB]
2016-02-26T20:22:10.448834+08:00 linux-9p04 kernel: [    2.276316] input: Power Button as /devices/LNXSYSTM:00/LNXPWRBN:00/input/input13
2016-02-26T20:22:10.448836+08:00 linux-9p04 kernel: [    2.276378] ACPI: Power Button [PWRF]
2016-02-26T20:22:10.448841+08:00 linux-9p04 kernel: [    2.286976] wmi: Mapper loaded
2016-02-26T20:22:10.448843+08:00 linux-9p04 kernel: [    2.287370] ACPI: Video Device [GFX0] (multi-head: yes  rom: no  post: no)
2016-02-26T20:22:10.448845+08:00 linux-9p04 kernel: [    2.291043] thermal LNXTHERM:00: registered as thermal_zone0
2016-02-26T20:22:10.448967+08:00 linux-9p04 kernel: [    2.291049] ACPI: Thermal Zone [TZ00] (35 C)
2016-02-26T20:22:10.448970+08:00 linux-9p04 kernel: [    2.294312] acpi device:4d: registered as cooling_device4
2016-02-26T20:22:10.448972+08:00 linux-9p04 kernel: [    2.294486] input: Video Bus as /devices/LNXSYSTM:00/LNXSYBUS:00/PNP0A08:00/device:4a/LNXVIDEO:00/input/input14
2016-02-26T20:22:10.448975+08:00 linux-9p04 kernel: [    2.298922] ata_piix 0000:00:1f.2: version 2.13
2016-02-26T20:22:10.448980+08:00 linux-9p04 kernel: [    2.299137] ata_piix 0000:00:1f.2: MAP [ P0 P2 P1 P3 ]
2016-02-26T20:22:10.448983+08:00 linux-9p04 kernel: [    2.301885] [drm] Initialized drm 1.1.0 20060810
2016-02-26T20:22:10.448985+08:00 linux-9p04 kernel: [    2.346282] nouveau  [  DEVICE][0000:01:00.0] BOOT0  : 0x0d9100a1
2016-02-26T20:22:10.448987+08:00 linux-9p04 kernel: [    2.346286] nouveau  [  DEVICE][0000:01:00.0] Chipset: GF119 (NVD9)
2016-02-26T20:22:10.448989+08:00 linux-9p04 kernel: [    2.346288] nouveau  [  DEVICE][0000:01:00.0] Family : NVC0
2016-02-26T20:22:10.448991+08:00 linux-9p04 kernel: [    2.346310] nouveau  [   VBIOS][0000:01:00.0] checking PRAMIN for image...
2016-02-26T20:22:10.448993+08:00 linux-9p04 kernel: [    2.407833] nouveau  [   VBIOS][0000:01:00.0] ... appears to be valid
2016-02-26T20:22:10.448998+08:00 linux-9p04 kernel: [    2.407834] nouveau  [   VBIOS][0000:01:00.0] using image from PRAMIN
2016-02-26T20:22:10.449001+08:00 linux-9p04 kernel: [    2.407919] nouveau  [   VBIOS][0000:01:00.0] BIT signature found
2016-02-26T20:22:10.449003+08:00 linux-9p04 kernel: [    2.407921] nouveau  [   VBIOS][0000:01:00.0] version 75.19.11.00.13
2016-02-26T20:22:10.449005+08:00 linux-9p04 kernel: [    2.408299] nouveau 0000:01:00.0: irq 26 for MSI/MSI-X
2016-02-26T20:22:10.449007+08:00 linux-9p04 kernel: [    2.408306] nouveau  [     PMC][0000:01:00.0] MSI interrupts enabled
2016-02-26T20:22:10.449009+08:00 linux-9p04 kernel: [    2.408343] nouveau W[     PFB][0000:01:00.0][0x00000000][ffff880034763000] reclocking of this ram type unsupported
2016-02-26T20:22:10.449014+08:00 linux-9p04 kernel: [    2.408345] nouveau  [     PFB][0000:01:00.0] RAM type: DDR3
2016-02-26T20:22:10.449017+08:00 linux-9p04 kernel: [    2.408346] nouveau  [     PFB][0000:01:00.0] RAM size: 1024 MiB
2016-02-26T20:22:10.449019+08:00 linux-9p04 kernel: [    2.408347] nouveau  [     PFB][0000:01:00.0]    ZCOMP: 0 tags
2016-02-26T20:22:10.449021+08:00 linux-9p04 kernel: [    2.450733] scsi host0: ata_piix
2016-02-26T20:22:10.449023+08:00 linux-9p04 kernel: [    2.450889] scsi host1: ata_piix
2016-02-26T20:22:10.449025+08:00 linux-9p04 kernel: [    2.450946] ata1: SATA max UDMA/133 cmd 0xe0d0 ctl 0xe0c0 bmdma 0xe090 irq 19
2016-02-26T20:22:10.449027+08:00 linux-9p04 kernel: [    2.450953] ata2: SATA max UDMA/133 cmd 0xe0b0 ctl 0xe0a0 bmdma 0xe098 irq 19
2016-02-26T20:22:10.449032+08:00 linux-9p04 kernel: [    2.451064] ata_piix 0000:00:1f.5: MAP [ P0 -- P1 -- ]
2016-02-26T20:22:10.449034+08:00 linux-9p04 kernel: [    2.459117] nouveau  [  PTHERM][0000:01:00.0] FAN control: none / external
2016-02-26T20:22:10.449036+08:00 linux-9p04 kernel: [    2.459133] nouveau  [  PTHERM][0000:01:00.0] fan management: automatic
2016-02-26T20:22:10.449038+08:00 linux-9p04 kernel: [    2.459159] nouveau  [  PTHERM][0000:01:00.0] internal sensor: yes
2016-02-26T20:22:10.449040+08:00 linux-9p04 kernel: [    2.459235] nouveau  [     CLK][0000:01:00.0] 07: core 270 MHz memory 405 MHz 
2016-02-26T20:22:10.449042+08:00 linux-9p04 kernel: [    2.459237] nouveau  [     CLK][0000:01:00.0] 0f: core 740 MHz memory 800 MHz 
2016-02-26T20:22:10.449044+08:00 linux-9p04 kernel: [    2.459385] nouveau  [     CLK][0000:01:00.0] --: core 270 MHz memory 405 MHz 
2016-02-26T20:22:10.449049+08:00 linux-9p04 kernel: [    2.462598] [TTM] Zone  kernel: Available graphics memory: 2017032 kiB
2016-02-26T20:22:10.449052+08:00 linux-9p04 kernel: [    2.462600] [TTM] Initializing pool allocator
2016-02-26T20:22:10.449054+08:00 linux-9p04 kernel: [    2.462606] [TTM] Initializing DMA pool allocator
2016-02-26T20:22:10.449056+08:00 linux-9p04 kernel: [    2.462622] nouveau  [     DRM] VRAM: 1024 MiB
2016-02-26T20:22:10.449058+08:00 linux-9p04 kernel: [    2.462624] nouveau  [     DRM] GART: 1048576 MiB
2016-02-26T20:22:10.449060+08:00 linux-9p04 kernel: [    2.462628] nouveau  [     DRM] TMDS table version 2.0
2016-02-26T20:22:10.449062+08:00 linux-9p04 kernel: [    2.462629] nouveau  [     DRM] DCB version 4.0
2016-02-26T20:22:10.449067+08:00 linux-9p04 kernel: [    2.462631] nouveau  [     DRM] DCB outp 00: 01000323 00010034
2016-02-26T20:22:10.449069+08:00 linux-9p04 kernel: [    2.462633] nouveau  [     DRM] DCB outp 01: 02011300 00000000
2016-02-26T20:22:10.449071+08:00 linux-9p04 kernel: [    2.462635] nouveau  [     DRM] DCB outp 02: 02022362 00020010
2016-02-26T20:22:10.449073+08:00 linux-9p04 kernel: [    2.462636] nouveau  [     DRM] DCB conn 00: 00000040
2016-02-26T20:22:10.449075+08:00 linux-9p04 kernel: [    2.462638] nouveau  [     DRM] DCB conn 01: 00000100
2016-02-26T20:22:10.449077+08:00 linux-9p04 kernel: [    2.462639] nouveau  [     DRM] DCB conn 02: 00001261
2016-02-26T20:22:10.449079+08:00 linux-9p04 kernel: [    2.463959] [drm] Supports vblank timestamp caching Rev 2 (21.10.2013).
2016-02-26T20:22:10.449084+08:00 linux-9p04 kernel: [    2.463966] [drm] Driver supports precise vblank timestamp query.
2016-02-26T20:22:10.449087+08:00 linux-9p04 kernel: [    2.479974] nouveau  [     DRM] MM: using COPY0 for buffer copies
2016-02-26T20:22:10.449089+08:00 linux-9p04 kernel: [    2.601413] ata_piix 0000:00:1f.5: SCR access via SIDPR is available but doesn't work
2016-02-26T20:22:10.449091+08:00 linux-9p04 kernel: [    2.601801] scsi host2: ata_piix
2016-02-26T20:22:10.449093+08:00 linux-9p04 kernel: [    2.601971] scsi host3: ata_piix
2016-02-26T20:22:10.449095+08:00 linux-9p04 kernel: [    2.602111] ata3: SATA max UDMA/133 cmd 0xe070 ctl 0xe060 bmdma 0xe030 irq 19
2016-02-26T20:22:10.449097+08:00 linux-9p04 kernel: [    2.602116] ata4: SATA max UDMA/133 cmd 0xe050 ctl 0xe040 bmdma 0xe038 irq 19
2016-02-26T20:22:10.449102+08:00 linux-9p04 kernel: [    3.038021] Switched to clocksource tsc
2016-02-26T20:22:10.449105+08:00 linux-9p04 kernel: [    3.100057] nouveau  [     DRM] allocated 1366x768 fb: 0x60000, bo ffff880034a40c00
2016-02-26T20:22:10.449107+08:00 linux-9p04 kernel: [    3.100207] fbcon: nouveaufb (fb0) is primary device
2016-02-26T20:22:10.449109+08:00 linux-9p04 kernel: [    3.220246] ata1.00: SATA link up 3.0 Gbps (SStatus 123 SControl 300)
2016-02-26T20:22:10.449111+08:00 linux-9p04 kernel: [    3.220269] ata1.01: SATA link up 1.5 Gbps (SStatus 113 SControl 300)
2016-02-26T20:22:10.449113+08:00 linux-9p04 kernel: [    3.226741] ata1.00: ATA-8: Hitachi HTS547575A9E384, JE4OA60A, max UDMA/133
2016-02-26T20:22:10.449115+08:00 linux-9p04 kernel: [    3.226743] ata1.00: 1465149168 sectors, multi 0: LBA48 NCQ (depth 0/32)
2016-02-26T20:22:10.449121+08:00 linux-9p04 kernel: [    3.226748] ata1.01: ATAPI: Slimtype DVD A  DS8A8SH, KAA2, max UDMA/100
2016-02-26T20:22:10.449124+08:00 linux-9p04 kernel: [    3.232766] ata1.00: configured for UDMA/133
2016-02-26T20:22:10.449126+08:00 linux-9p04 kernel: [    3.238582] ata1.01: configured for UDMA/100
2016-02-26T20:22:10.449128+08:00 linux-9p04 kernel: [    3.250413] scsi 0:0:0:0: Direct-Access     ATA      Hitachi HTS54757 A60A PQ: 0 ANSI: 5
2016-02-26T20:22:10.449130+08:00 linux-9p04 kernel: [    3.250601] sd 0:0:0:0: [sda] 1465149168 512-byte logical blocks: (750 GB/698 GiB)
2016-02-26T20:22:10.449132+08:00 linux-9p04 kernel: [    3.250602] sd 0:0:0:0: [sda] 4096-byte physical blocks
2016-02-26T20:22:10.449134+08:00 linux-9p04 kernel: [    3.250655] sd 0:0:0:0: [sda] Write Protect is off
2016-02-26T20:22:10.449139+08:00 linux-9p04 kernel: [    3.250656] sd 0:0:0:0: [sda] Mode Sense: 00 3a 00 00
2016-02-26T20:22:10.449142+08:00 linux-9p04 kernel: [    3.256128] sd 0:0:0:0: [sda] Write cache: enabled, read cache: enabled, doesn't support DPO or FUA
2016-02-26T20:22:10.449144+08:00 linux-9p04 kernel: [    3.261610] scsi 0:0:1:0: CD-ROM            Slimtype DVD A  DS8A8SH   KAA2 PQ: 0 ANSI: 5
2016-02-26T20:22:10.449146+08:00 linux-9p04 kernel: [    3.390605]  sda: sda1 sda2 sda3 sda4 < sda5 sda6 sda7 sda8 >
2016-02-26T20:22:10.449148+08:00 linux-9p04 kernel: [    3.391004] sd 0:0:0:0: [sda] Attached SCSI disk
2016-02-26T20:22:10.449150+08:00 linux-9p04 kernel: [    3.420113] Console: switching to colour frame buffer device 170x48
2016-02-26T20:22:10.449152+08:00 linux-9p04 kernel: [    3.422062] nouveau 0000:01:00.0: fb0: nouveaufb frame buffer device
2016-02-26T20:22:10.449157+08:00 linux-9p04 kernel: [    3.422064] nouveau 0000:01:00.0: registered panic notifier
2016-02-26T20:22:10.449159+08:00 linux-9p04 kernel: [    3.424417] [drm] Initialized nouveau 1.2.1 20120801 for 0000:01:00.0 on minor 0
2016-02-26T20:22:10.449161+08:00 linux-9p04 kernel: [    3.458452] ata2.00: failed to resume link (SControl 0)
2016-02-26T20:22:10.449163+08:00 linux-9p04 kernel: [    4.466816] ata2.01: failed to resume link (SControl 0)
2016-02-26T20:22:10.449165+08:00 linux-9p04 kernel: [    4.478737] ata2.00: SATA link down (SStatus 4 SControl 0)
2016-02-26T20:22:10.449167+08:00 linux-9p04 kernel: [    4.478769] ata2.01: SATA link down (SStatus 4 SControl 0)
2016-02-26T20:22:10.449169+08:00 linux-9p04 kernel: [    5.099691] random: nonblocking pool is initialized
2016-02-26T20:22:10.449174+08:00 linux-9p04 kernel: [    6.464660] PM: Marking nosave pages: [mem 0x00000000-0x00000fff]
2016-02-26T20:22:10.449177+08:00 linux-9p04 kernel: [    6.464663] PM: Marking nosave pages: [mem 0x0009f000-0x000fffff]
2016-02-26T20:22:10.449179+08:00 linux-9p04 kernel: [    6.464666] PM: Marking nosave pages: [mem 0x20050000-0x2024ffff]
2016-02-26T20:22:10.449181+08:00 linux-9p04 kernel: [    6.464674] PM: Marking nosave pages: [mem 0x40000000-0x401fffff]
2016-02-26T20:22:10.449183+08:00 linux-9p04 kernel: [    6.464681] PM: Marking nosave pages: [mem 0xbf4da000-0xbf4ecfff]
2016-02-26T20:22:10.449185+08:00 linux-9p04 kernel: [    6.464682] PM: Marking nosave pages: [mem 0xbf4ee000-0xbf5b7fff]
2016-02-26T20:22:10.449190+08:00 linux-9p04 kernel: [    6.464686] PM: Marking nosave pages: [mem 0xbf5bb000-0xbf5e7fff]
2016-02-26T20:22:10.449192+08:00 linux-9p04 kernel: [    6.464687] PM: Marking nosave pages: [mem 0xbf727000-0xbf77efff]
2016-02-26T20:22:10.449194+08:00 linux-9p04 kernel: [    6.464689] PM: Marking nosave pages: [mem 0xbf784000-0xbf7e7fff]
2016-02-26T20:22:10.449196+08:00 linux-9p04 kernel: [    6.464692] PM: Marking nosave pages: [mem 0xbf7fd000-0xffffffff]
2016-02-26T20:22:10.449198+08:00 linux-9p04 kernel: [    6.465142] PM: Basic memory bitmaps created
2016-02-26T20:22:10.449200+08:00 linux-9p04 kernel: [    6.497009] PM: Basic memory bitmaps freed
2016-02-26T20:22:10.449202+08:00 linux-9p04 kernel: [    6.497015] video LNXVIDEO:00: Restoring backlight state
2016-02-26T20:22:10.449207+08:00 linux-9p04 kernel: [    6.649033] PM: Starting manual resume from disk
2016-02-26T20:22:10.449210+08:00 linux-9p04 kernel: [    6.649045] PM: Hibernation image partition 8:5 present
2016-02-26T20:22:10.449212+08:00 linux-9p04 kernel: [    6.649048] PM: Looking for hibernation image.
2016-02-26T20:22:10.449214+08:00 linux-9p04 kernel: [    6.652545] PM: Image not found (code -22)
2016-02-26T20:22:10.449216+08:00 linux-9p04 kernel: [    6.652556] PM: Hibernation image not present or could not be loaded.
